[Warning: Name is nonexistent or not a directory: C:\Users\mpeet\OneDrive\Documents\GitHub\PIETOOLS\PIETOOLS\ndopvar\Old_Codes] 

Error using tbxmanager>tbx_n2s (line 1124)
Malformed string, must be in "name:version:arch" format.

{Error using tbxmanager (line 150)
Cannot continue, see message above.

Error in startup (line 1)
tbxmanager restorepath
^^^^^^^^^^
} 
REGIME B2 start 2026-09-26 06:02:09  deadline 2026-09-26 16:15:00
REGIME start B2|mosek|stab_rd1 (est 60 s) 2026-09-26 06:02:09
TBB Warning: The number of workers is currently limited to 7. The request for 23 workers is ignored. Further requests for more workers will be silently ignored until the limit changes.

BIS feas  gam=NaN           tau=1.00e-07  cap=50000  it=NaN    t=   0.01s pinf=NaN       -> F  (Flmin -1.3e-10 Fres 3.3e-15 | Ibeta NaN Ieps NaN) PRIMAL_AND_DUAL_FEASIBLE
BISDONE stab_rd1_B2 [mosek]  certified [0, Inf]  estimate [0, Inf]  probes 1 (F1 f0 i0 I0)  solver 0.0 s  iters 0
REGIME done B2|mosek|stab_rd1 ok 0.8 s
REGIME start B2|cuadmm|stab_rd1 (est 420 s) 2026-09-26 06:02:10
BIS feas  gam=NaN           tau=1.00e-07  cap=50000  it=19111  t=  15.59s pinf=9.67e-08  -> F  (Flmin -1.6e-08 Fres 2.3e-15 | Ibeta NaN Ieps NaN) 
BISDONE stab_rd1_B2 [cuadmm]  certified [0, Inf]  estimate [0, Inf]  probes 1 (F1 f0 i0 I0)  solver 15.6 s  iters 19111
REGIME done B2|cuadmm|stab_rd1 ok 16.8 s
REGIME start B2|mosek|stabdual_rd1 (est 60 s) 2026-09-26 06:02:27
BIS feas  gam=NaN           tau=1.00e-07  cap=50000  it=NaN    t=   0.01s pinf=NaN       -> F  (Flmin -1.3e-10 Fres 3.2e-15 | Ibeta NaN Ieps NaN) PRIMAL_AND_DUAL_FEASIBLE
BISDONE stabdual_rd1_B2 [mosek]  certified [0, Inf]  estimate [0, Inf]  probes 1 (F1 f0 i0 I0)  solver 0.0 s  iters 0
REGIME done B2|mosek|stabdual_rd1 ok 0.5 s
REGIME start B2|cuadmm|stabdual_rd1 (est 420 s) 2026-09-26 06:02:27
BIS feas  gam=NaN           tau=1.00e-07  cap=50000  it=19111  t=  15.61s pinf=9.67e-08  -> F  (Flmin -1.6e-08 Fres 1.6e-15 | Ibeta NaN Ieps NaN) 
BISDONE stabdual_rd1_B2 [cuadmm]  certified [0, Inf]  estimate [0, Inf]  probes 1 (F1 f0 i0 I0)  solver 15.6 s  iters 19111
REGIME done B2|cuadmm|stabdual_rd1 ok 16.6 s
REGIME start B2|mosek|stabpde_rd1 (est 60 s) 2026-09-26 06:02:44
BIS feas  gam=NaN           tau=1.00e-07  cap=50000  it=NaN    t=   0.01s pinf=NaN       -> F  (Flmin -1.8e-10 Fres 1.8e-15 | Ibeta NaN Ieps NaN) PRIMAL_AND_DUAL_FEASIBLE
BISDONE stabpde_rd1_B2 [mosek]  certified [0, Inf]  estimate [0, Inf]  probes 1 (F1 f0 i0 I0)  solver 0.0 s  iters 0
REGIME done B2|mosek|stabpde_rd1 ok 0.5 s
REGIME start B2|cuadmm|stabpde_rd1 (est 420 s) 2026-09-26 06:02:44
BIS feas  gam=NaN           tau=1.00e-07  cap=50000  it=50000  t=  36.64s pinf=1.24e-07  -> F  (Flmin -4.5e-08 Fres 4.1e-16 | Ibeta NaN Ieps NaN) 
BISDONE stabpde_rd1_B2 [cuadmm]  certified [0, Inf]  estimate [0, Inf]  probes 1 (F1 f0 i0 I0)  solver 36.6 s  iters 50000
REGIME done B2|cuadmm|stabpde_rd1 ok 37.6 s
REGIME start B2|mosek|stabpded_rd1 (est 60 s) 2026-09-26 06:03:22
BIS feas  gam=NaN           tau=1.00e-07  cap=50000  it=NaN    t=   0.01s pinf=NaN       -> F  (Flmin -1.8e-10 Fres 2.3e-15 | Ibeta NaN Ieps NaN) PRIMAL_AND_DUAL_FEASIBLE
BISDONE stabpded_rd1_B2 [mosek]  certified [0, Inf]  estimate [0, Inf]  probes 1 (F1 f0 i0 I0)  solver 0.0 s  iters 0
REGIME done B2|mosek|stabpded_rd1 ok 0.4 s
REGIME start B2|cuadmm|stabpded_rd1 (est 420 s) 2026-09-26 06:03:22
BIS feas  gam=NaN           tau=1.00e-07  cap=50000  it=50000  t=  36.59s pinf=1.24e-07  -> F  (Flmin -4.5e-08 Fres 5.5e-16 | Ibeta NaN Ieps NaN) 
BISDONE stabpded_rd1_B2 [cuadmm]  certified [0, Inf]  estimate [0, Inf]  probes 1 (F1 f0 i0 I0)  solver 36.6 s  iters 50000
REGIME done B2|cuadmm|stabpded_rd1 ok 37.5 s
REGIME start B2|mosek|stab_rd1_hv (est 60 s) 2026-09-26 06:04:00
BIS feas  gam=NaN           tau=1.00e-07  cap=50000  it=NaN    t=   0.01s pinf=NaN       -> F  (Flmin -2.5e-10 Fres 4.3e-15 | Ibeta NaN Ieps NaN) PRIMAL_AND_DUAL_FEASIBLE
BISDONE stab_rd1_hv_B2 [mosek]  certified [0, Inf]  estimate [0, Inf]  probes 1 (F1 f0 i0 I0)  solver 0.0 s  iters 0
REGIME done B2|mosek|stab_rd1_hv ok 0.5 s
REGIME start B2|cuadmm|stab_rd1_hv (est 420 s) 2026-09-26 06:04:00
BIS feas  gam=NaN           tau=1.00e-07  cap=50000  it=14092  t=  19.19s pinf=9.96e-08  -> F  (Flmin -8.7e-09 Fres 2.0e-15 | Ibeta NaN Ieps NaN) 
BISDONE stab_rd1_hv_B2 [cuadmm]  certified [0, Inf]  estimate [0, Inf]  probes 1 (F1 f0 i0 I0)  solver 19.2 s  iters 14092
REGIME done B2|cuadmm|stab_rd1_hv ok 20.0 s
REGIME start B2|mosek|stab_rd1_tight (est 60 s) 2026-09-26 06:04:20
BIS feas  gam=NaN           tau=1.00e-07  cap=50000  it=NaN    t=   0.01s pinf=NaN       -> F  (Flmin -2.6e-11 Fres 1.1e-14 | Ibeta NaN Ieps NaN) PRIMAL_AND_DUAL_FEASIBLE
BISDONE stab_rd1_tight_B2 [mosek]  certified [0, Inf]  estimate [0, Inf]  probes 1 (F1 f0 i0 I0)  solver 0.0 s  iters 0
REGIME done B2|mosek|stab_rd1_tight ok 0.4 s
REGIME start B2|cuadmm|stab_rd1_tight (est 420 s) 2026-09-26 06:04:20
BIS feas  gam=NaN           tau=1.00e-07  cap=50000  it=37456  t=  51.90s pinf=1.00e-07  -> F  (Flmin -1.5e-09 Fres 8.2e-15 | Ibeta NaN Ieps NaN) 
BISDONE stab_rd1_tight_B2 [cuadmm]  certified [0, Inf]  estimate [0, Inf]  probes 1 (F1 f0 i0 I0)  solver 51.9 s  iters 37456
REGIME done B2|cuadmm|stab_rd1_tight ok 52.7 s
REGIME start B2|mosek|stab_tr1 (est 60 s) 2026-09-26 06:05:13
BIS feas  gam=NaN           tau=1.00e-07  cap=50000  it=NaN    t=   0.01s pinf=NaN       -> F  (Flmin -2.4e-09 Fres 8.0e-16 | Ibeta NaN Ieps NaN) PRIMAL_AND_DUAL_FEASIBLE
BISDONE stab_tr1_B2 [mosek]  certified [0, Inf]  estimate [0, Inf]  probes 1 (F1 f0 i0 I0)  solver 0.0 s  iters 0
REGIME done B2|mosek|stab_tr1 ok 0.4 s
REGIME start B2|cuadmm|stab_tr1 (est 420 s) 2026-09-26 06:05:14
BIS feas  gam=NaN           tau=1.00e-07  cap=50000  it=1973   t=   1.51s pinf=9.92e-08  -> F  (Flmin -5.0e-08 Fres 4.0e-16 | Ibeta NaN Ieps NaN) 
BISDONE stab_tr1_B2 [cuadmm]  certified [0, Inf]  estimate [0, Inf]  probes 1 (F1 f0 i0 I0)  solver 1.5 s  iters 1973
REGIME done B2|cuadmm|stab_tr1 ok 2.5 s
REGIME start B2|mosek|stab_wave1 (est 60 s) 2026-09-26 06:05:16
BIS feas  gam=NaN           tau=1.00e-07  cap=50000  it=NaN    t=   0.03s pinf=NaN       -> F  (Flmin -1.3e-09 Fres 2.2e-15 | Ibeta NaN Ieps NaN) PRIMAL_AND_DUAL_FEASIBLE
BISDONE stab_wave1_B2 [mosek]  certified [0, Inf]  estimate [0, Inf]  probes 1 (F1 f0 i0 I0)  solver 0.0 s  iters 0
REGIME done B2|mosek|stab_wave1 ok 0.5 s
REGIME start B2|cuadmm|stab_wave1 (est 420 s) 2026-09-26 06:05:17
BIS feas  gam=NaN           tau=1.00e-07  cap=50000  it=26396  t=  39.76s pinf=1.00e-07  -> F  (Flmin -6.4e-08 Fres 6.3e-16 | Ibeta NaN Ieps NaN) 
BISDONE stab_wave1_B2 [cuadmm]  certified [0, Inf]  estimate [0, Inf]  probes 1 (F1 f0 i0 I0)  solver 39.8 s  iters 26396
REGIME done B2|cuadmm|stab_wave1 ok 40.7 s
REGIME start B2|mosek|wellposed_rd1 (est 60 s) 2026-09-26 06:05:57
BIS feas  gam=NaN           tau=1.00e-07  cap=50000  it=NaN    t=   0.01s pinf=NaN       -> F  (Flmin -4.3e-10 Fres 3.0e-15 | Ibeta NaN Ieps NaN) PRIMAL_AND_DUAL_FEASIBLE
BISDONE wellposed_rd1_B2 [mosek]  certified [0, Inf]  estimate [0, Inf]  probes 1 (F1 f0 i0 I0)  solver 0.0 s  iters 0
REGIME done B2|mosek|wellposed_rd1 ok 0.4 s
REGIME start B2|cuadmm|wellposed_rd1 (est 420 s) 2026-09-26 06:05:58
BIS feas  gam=NaN           tau=1.00e-07  cap=50000  it=928    t=   0.79s pinf=6.87e-08  -> f  (Flmin -1.2e-07 Fres 1.9e-16 | Ibeta NaN Ieps NaN) 
BISDONE wellposed_rd1_B2 [cuadmm]  certified [0, Inf]  estimate [0, Inf]  probes 1 (F0 f1 i0 I0)  solver 0.8 s  iters 928
REGIME done B2|cuadmm|wellposed_rd1 ok 1.7 s
REGIMEDONE B2 2026-09-26 06:05:59
