Loading gcc/13.4.0 
  * This version of GCC is stricter than GCC 10 and older,
    so you may need to use the following flags:
      -std=gnu11
      -std=gnu17
      -fpermissive
      -Wno-incompatible-pointer-types
      -Wno-implicit-function-declaration
Loading nvhpc/25.7-cuda-12.9-nompi
  * NVHPC includes CUDA, so you don't need to load a CUDA module.
===============================================================================
Loaded: matlab 2025b

  Matlab is a high-level language and interactive environment for numerical
  computation, visualization and programming

  For more information, visit:
  https://www.mathworks.com/

===============================================================================
     
GPU 0: NVIDIA A100-SXM4-80GB (UUID: GPU-ef832483-fa7e-70cd-91a9-c1f64902bda7)
job 64075580 on sg036: blocks [X1], deadline Mon Sep 28 01:50:33 MST 2026
REGIME X1 start 2026-09-28 01:26:16  deadline 2026-09-28 01:50:33
REGIME start X1|warm|stab_tr1 (est 120 s) 2026-09-28 01:26:16
BIS feas  gam=NaN           tau=1.00e-07  cap=30000  it=1973   t=   1.03s pinf=9.92e-08  -> F  (Flmin -5.0e-08 Fres 3.5e-16 | Ibeta NaN Ieps NaN) 
BISDONE stab_tr1_X1w [cuadmm]  certified [0, Inf]  estimate [0, Inf]  probes 1 (F1 f0 i0 I0)  solver 1.0 s  iters 1973
REGIME done X1|warm|stab_tr1 ok 4.5 s
REGIME start X1|cuadmm|scale_stab_n32 (est 600 s) 2026-09-28 01:26:21
BIS feas  gam=NaN           tau=1.00e-07  cap=30000  it=14092  t= 253.04s pinf=9.96e-08  -> F  (Flmin -8.7e-09 Fres 2.6e-15 | Ibeta NaN Ieps NaN) 
BISDONE scale_stab_n32_X1 [cuadmm]  certified [0, Inf]  estimate [0, Inf]  probes 1 (F1 f0 i0 I0)  solver 253.0 s  iters 14092
REGIME done X1|cuadmm|scale_stab_n32 ok 263.0 s
REGIMEDONE X1 2026-09-28 01:30:44
JobID           Elapsed     MaxRSS   TotalCPU                                                    AllocTRES 
------------ ---------- ---------- ---------- ------------------------------------------------------------ 
64075580       00:05:12              00:00:00   billing=40,cpu=4,gres/gpu:a100=1,gres/gpu=1,mem=32G,node=1 
64075580.ba+   00:05:12              00:00:00              cpu=4,gres/gpu:a100=1,gres/gpu=1,mem=32G,node=1 
64075580.ex+   00:05:12              00:00:00   billing=40,cpu=4,gres/gpu:a100=1,gres/gpu=1,mem=32G,node=1 
