BG est_rd1_g080 budget=5000 solve=10.6493s s/it=0.00213 pinf= gap=
BG est_rd1_g099 budget=5000 solve=10.5s s/it=0.00210 pinf= gap=
BG est_rd1_g101 budget=5000 solve=10.4659s s/it=0.00209 pinf= gap=
BG est_rd1_g120 budget=5000 solve=10.4503s s/it=0.00209 pinf= gap=
BG h2c_rd1_g080 budget=5000 solve=12.2933s s/it=0.00246 pinf= gap=
BG h2c_rd1_g099 budget=5000 solve=12.2294s s/it=0.00245 pinf= gap=
BG h2c_rd1_g101 budget=5000 solve=12.1547s s/it=0.00243 pinf= gap=
BG h2c_rd1_g120 budget=5000 solve=12.0853s s/it=0.00242 pinf= gap=
BG h2est_rd1_g080 budget=5000 solve=12.9022s s/it=0.00258 pinf= gap=
BG h2est_rd1_g099 budget=5000 solve=12.9845s s/it=0.00260 pinf= gap=
BG h2est_rd1_g101 budget=5000 solve=13.2365s s/it=0.00265 pinf= gap=
BG h2est_rd1_g120 budget=5000 solve=13.4755s s/it=0.00270 pinf= gap=
BG h2oco_rd1_g080 budget=5000 solve=4.35503s s/it=0.00087 pinf= gap=
BG h2oco_rd1_g099 budget=5000 solve=4.18408s s/it=0.00084 pinf= gap=
BG h2oco_rd1_g101 budget=5000 solve=4.33864s s/it=0.00087 pinf= gap=
BG h2oco_rd1_g120 budget=5000 solve=4.27924s s/it=0.00086 pinf= gap=
BG hinf2_rd_g080 budget=5000 solve=172.461s s/it=0.03449 pinf= gap=
BG hinf2_rd_g099 budget=5000 solve=182.418s s/it=0.03648 pinf= gap=
BG hinf2_rd_g101 budget=5000 solve=160.771s s/it=0.03215 pinf= gap=
BG hinf2_rd_g120 budget=5000 solve=162.721s s/it=0.03254 pinf= gap=
BG hinf_rd1_g080 budget=5000 solve=11.4734s s/it=0.00229 pinf= gap=
BG hinf_rd1_g099 budget=5000 solve=11.2313s s/it=0.00225 pinf= gap=
BG hinf_rd1_g101 budget=5000 solve=11.5186s s/it=0.00230 pinf= gap=
BG hinf_rd1_g120 budget=5000 solve=11.8847s s/it=0.00238 pinf= gap=
BG hinf_rd1_hv_g080 budget=5000 solve=13.8071s s/it=0.00276 pinf= gap=
BG hinf_rd1_hv_g099 budget=5000 solve=13.3393s s/it=0.00267 pinf= gap=
BG hinf_rd1_hv_g101 budget=5000 solve=13.2696s s/it=0.00265 pinf= gap=
BG hinf_rd1_hv_g120 budget=5000 solve=13.1127s s/it=0.00262 pinf= gap=
BG hinfdu_rd1_g080 budget=5000 solve=10.8364s s/it=0.00217 pinf= gap=
BG hinfdu_rd1_g099 budget=5000 solve=11.0213s s/it=0.00220 pinf= gap=
BG hinfdu_rd1_g101 budget=5000 solve=10.7856s s/it=0.00216 pinf= gap=
BG hinfdu_rd1_g120 budget=5000 solve=11.6588s s/it=0.00233 pinf= gap=
BGDONE
