[Warning: Name is nonexistent or not a directory: C:\Users\mpeet\OneDrive\Documents\GitHub\PIETOOLS\PIETOOLS\ndopvar\Old_Codes] 

Error using tbxmanager>tbx_n2s (line 1124)
Malformed string, must be in "name:version:arch" format.

{Error using tbxmanager (line 150)
Cannot continue, see message above.

Error in startup (line 1)
tbxmanager restorepath
^^^^^^^^^^
} 
TBB Warning: The number of workers is currently limited to 7. The request for 23 workers is ignored. Further requests for more workers will be silently ignored until the limit changes.

BL stab_rd1           ERR  m=130     tM=0.0074125 tD=NaN      rel=1.3228e-08 Unrecognized field name "Ns".
BL stabdual_rd1       ERR  m=130     tM=0.008473 tD=NaN      rel=1.3324e-08 Unrecognized field name "Ns".
BL stabpde_rd1        ERR  m=54      tM=0.0082529 tD=NaN      rel=5.0885e-08 Unrecognized field name "Ns".
BL stabpded_rd1       ERR  m=54      tM=0.0063847 tD=NaN      rel=5.1e-08    Unrecognized field name "Ns".
BL stab_rd1_hv        ERR  m=135     tM=0.012253 tD=NaN      rel=2.7905e-08 Unrecognized field name "Ns".
BL stab_rd1_tight     ERR  m=135     tM=0.011152 tD=NaN      rel=1.1505e-08 Unrecognized field name "Ns".
BL stab_tr1           ERR  m=96      tM=0.0062552 tD=NaN      rel=6.4233e-08 Unrecognized field name "Ns".
BL stab_wave1         ERR  m=520     tM=0.026923 tD=NaN      rel=5.8967e-08 Unrecognized field name "Ns".
BL stab2_rd           ERR  m=3456    tM=20.3621  tD=NaN      rel=2.0816     Unrecognized field name "Ns".
BL stab2dual_rd       ERR  m=3456    tM=25.7023  tD=NaN      rel=0.0084316  Unrecognized field name "Ns".
BLDONE stability
