[Warning: Name is nonexistent or not a directory: C:\Users\mpeet\OneDrive\Documents\GitHub\PIETOOLS\PIETOOLS\ndopvar\Old_Codes] 

Error using tbxmanager>tbx_n2s (line 1124)
Malformed string, must be in "name:version:arch" format.

{Error using tbxmanager (line 150)
Cannot continue, see message above.

Error in startup (line 1)
tbxmanager restorepath
^^^^^^^^^^
} 
CEN header exec,m,nvar,Kf,nblk,Ns,eigcost,svec,nnzAt,normb,c_nnz,feas,dim_ok,t_build

 --- Reordering the state components to allow for representation as PIE ---

 --- Converting the PDE to an equivalent PIE --- 

The following fundamental state components have been introduced:
   x(t,s)    <--  (/s)ýx(t,s)

 --- Conversion to PIE was successful --- 
CEN PIETOOLS_PDEstability,54,361,0,3,[10  15   6],4591,196,1054,4.5216e-06,0,1,1,1.5

 --- Reordering the state components to allow for representation as PIE ---

 --- Converting the PDE to an equivalent PIE --- 

The following fundamental state components have been introduced:
   x(t,s)    <--  (/s)ýx(t,s)

 --- Conversion to PIE was successful --- 
CEN PIETOOLS_PDEstability_dual,54,361,0,3,[10  15   6],4591,196,1054,4.5216e-06,0,1,1,0.6

 --- Reordering the state components to allow for representation as PIE ---

 --- Converting the PDE to an equivalent PIE --- 

The following fundamental state components have been introduced:
   x(t,s)    <--  (/s)ýx(t,s)

 --- Conversion to PIE was successful --- 
CEN PIETOOLS_PIE2PDEstability,130,404,43,3,[10  15   6],4591,239,982,9.4281e-07,0,1,1,0.5

 --- Reordering the state components to allow for representation as PIE ---

 --- Converting the PDE to an equivalent PIE --- 

The following fundamental state components have been introduced:
   x(t,s)    <--  (/s)ýx(t,s)

 --- Conversion to PIE was successful --- 
CEN PIETOOLS_PIE2PDEstability_dual,130,404,43,3,[10  15   6],4591,239,982,9.4281e-07,0,1,1,0.4

 --- Reordering the state components to allow for representation as PIE ---

 --- Converting the PDE to an equivalent PIE --- 

The following fundamental state components have been introduced:
   x(t,s)    <--  (/s)ýx(t,s)

 --- Conversion to PIE was successful --- 
CEN PIETOOLS_well_posedness,108,722,0,6,[10  10  15  15   6   6],9182,392,2148,3.2830e+00,0,1,1,0.8

 --- Reordering the state components to allow for representation as PIE ---

 --- Converting the PDE to an equivalent PIE --- 

The following fundamental state components have been introduced:
   x(t,s)    <--  (/s)ýx(t,s)

 --- Conversion to PIE was successful --- 
CEN PIETOOLS_Hinf_gain,150,497,44,3,[10  17   8],6425,288,1126,7.0711e-01,1,0,1,1.0

 --- Reordering the state components to allow for representation as PIE ---

 --- Converting the PDE to an equivalent PIE --- 

The following fundamental state components have been introduced:
   x(t,s)    <--  (/s)ýx(t,s)

 --- Conversion to PIE was successful --- 
CEN PIETOOLS_Hinf_gain_coercive,74,454,1,3,[10  17   8],6425,245,1313,7.0711e-01,1,0,1,0.9

 --- Reordering the state components to allow for representation as PIE ---

 --- Converting the PDE to an equivalent PIE --- 

The following fundamental state components have been introduced:
   x(t,s)    <--  (/s)ýx(t,s)

 --- Conversion to PIE was successful --- 
CEN PIETOOLS_Hinf_gain_dual,151,497,44,3,[10  17   8],6425,288,1169,1.0000e+00,1,0,1,0.5

 --- Reordering the state components to allow for representation as PIE ---

 --- Converting the PDE to an equivalent PIE --- 

The following fundamental state components have been introduced:
   x(t,s)    <--  (/s)ýx(t,s)

 --- Conversion to PIE was successful --- 
CEN PIETOOLS_Hinf_gain_dual_coercive,75,454,1,3,[10  17   8],6425,245,1364,1.0000e+00,1,0,1,0.6

 --- Reordering the state components to allow for representation as PIE ---

 --- Converting the PDE to an equivalent PIE --- 

The following fundamental state components have been introduced:
   x(t,s)    <--  (/s)ýx(t,s)

 --- Conversion to PIE was successful --- 
CEN PIETOOLS_H2_norm_c,182,755,44,6,[10   1  16  16   7   7],9879,428,1531,1.0000e+00,1,0,1,0.7

 --- Reordering the state components to allow for representation as PIE ---

 --- Converting the PDE to an equivalent PIE --- 

The following fundamental state components have been introduced:
   x(t,s)    <--  (/s)ýx(t,s)

 --- Conversion to PIE was successful --- 
CEN PIETOOLS_H2_norm_o,180,755,44,6,[10   1  16  16   7   7],9879,428,1487,7.0711e-01,1,0,1,0.6

 --- Reordering the state components to allow for representation as PIE ---

 --- Converting the PDE to an equivalent PIE --- 

The following fundamental state components have been introduced:
   x(t,s)    <--  (/s)ýx(t,s)

 --- Conversion to PIE was successful --- 
CEN PIETOOLS_H2_norm_c_coercive,56,362,1,3,[10  15   6],4591,197,1109,1.0000e+00,1,0,1,0.5

 --- Reordering the state components to allow for representation as PIE ---

 --- Converting the PDE to an equivalent PIE --- 

The following fundamental state components have been introduced:
   x(t,s)    <--  (/s)ýx(t,s)

 --- Conversion to PIE was successful --- 
CEN PIETOOLS_H2_norm_o_coercive,56,362,1,3,[10  15   6],4591,197,1109,5.0000e-01,1,0,1,0.4

 --- Reordering the state components to allow for representation as PIE ---

 --- Converting the PDE to an equivalent PIE --- 

The following fundamental state components have been introduced:
   x(t,s)    <--  (/s)ýx(t,s)

 --- Conversion to PIE was successful --- 
CEN PIETOOLS_Hinf_control,75,457,4,3,[10  17   8],6425,248,1374,1.0000e+00,1,0,1,0.8

 --- Reordering the state components to allow for representation as PIE ---

 --- Converting the PDE to an equivalent PIE --- 

The following fundamental state components have been introduced:
   x(t,s)    <--  (/s)ýx(t,s)

 --- Conversion to PIE was successful --- 
CEN PIETOOLS_H2_control,104,715,5,5,[10  16  16   7   7],9878,388,1683,1.0000e+00,1,0,1,0.8

 --- Reordering the state components to allow for representation as PIE ---

 --- Converting the PDE to an equivalent PIE --- 

The following fundamental state components have been introduced:
   x(t,s)    <--  (/s)ýx(t,s)

 --- Conversion to PIE was successful --- 
CEN PIETOOLS_Hinf_estimator,74,457,4,3,[10  17   8],6425,248,1331,7.0711e-01,1,0,1,1.0

 --- Reordering the state components to allow for representation as PIE ---

 --- Converting the PDE to an equivalent PIE --- 

The following fundamental state components have been introduced:
   x(t,s)    <--  (/s)ýx(t,s)

 --- Conversion to PIE was successful --- 
CEN PIETOOLS_H2_estimator,103,715,5,5,[10  16  16   7   7],9878,388,1640,7.0711e-01,1,0,1,0.8
CENDONE
