=== GPU arm ===
GPU ctrl_rd1 1e-4 rc=124 capped=1 solve=NA iters=16900 gap=NA
GPU ctrl_rd1 1e-6 SKIPPED (1e-4 did not converge)
GPU est_rd1 1e-4 rc=124 capped=1 solve=NA iters=45900 gap=NA
GPU est_rd1 1e-6 SKIPPED (1e-4 did not converge)
GPU h2_2dc_rd 1e-4 rc=124 capped=1 solve=NA iters=3000 gap=NA
GPU h2_2dc_rd 1e-6 SKIPPED (1e-4 did not converge)
GPU h2c_rd1 1e-4 rc=124 capped=1 solve=NA iters=13500 gap=NA
GPU h2c_rd1 1e-6 SKIPPED (1e-4 did not converge)
GPU h2cco_rd1 1e-4 rc=124 capped=1 solve=NA iters=24600 gap=NA
GPU h2cco_rd1 1e-6 SKIPPED (1e-4 did not converge)
GPU h2ctrl_rd1 1e-4 rc=124 capped=1 solve=NA iters=14900 gap=NA
GPU h2ctrl_rd1 1e-6 SKIPPED (1e-4 did not converge)
GPU h2est_rd1 1e-4 rc=124 capped=1 solve=NA iters=12800 gap=NA
GPU h2est_rd1 1e-6 SKIPPED (1e-4 did not converge)
GPU h2o_rd1 1e-4 rc=124 capped=1 solve=NA iters=13800 gap=NA
GPU h2o_rd1 1e-6 SKIPPED (1e-4 did not converge)
GPU h2oco_rd1 1e-4 rc=124 capped=1 solve=NA iters=24500 gap=NA
GPU h2oco_rd1 1e-6 SKIPPED (1e-4 did not converge)
GPU hinf2_rd 1e-4 rc=124 capped=1 solve=NA iters=1300 gap=NA
GPU hinf2_rd 1e-6 SKIPPED (1e-4 did not converge)
GPU hinf2du_rd 1e-4 rc=124 capped=1 solve=NA iters=1300 gap=NA
GPU hinf2du_rd 1e-6 SKIPPED (1e-4 did not converge)
GPU hinf2nc_rd 1e-4 rc=124 capped=1 solve=NA iters=900 gap=NA
GPU hinf2nc_rd 1e-6 SKIPPED (1e-4 did not converge)
GPU hinf_rd1 1e-4 rc=124 capped=1 solve=NA iters=10300 gap=NA
GPU hinf_rd1 1e-6 SKIPPED (1e-4 did not converge)
GPU hinf_rd1_hv 1e-4 rc=0 capped=0 solve=72.3662 iters=4184 gap=1.0e-04
GPU hinf_rd1_hv 1e-6 rc=124 capped=1 solve=NA iters=18100 gap=NA
GPU hinfco_rd1 1e-4 rc=124 capped=1 solve=NA iters=12300 gap=NA
GPU hinfco_rd1 1e-6 SKIPPED (1e-4 did not converge)
GPU hinfdu_rd1 1e-4 rc=124 capped=1 solve=NA iters=14400 gap=NA
GPU hinfdu_rd1 1e-6 SKIPPED (1e-4 did not converge)
GPU hinfduco_rd1 1e-4 rc=124 capped=1 solve=NA iters=26400 gap=NA
GPU hinfduco_rd1 1e-6 SKIPPED (1e-4 did not converge)
GPU nl_fisher_gamfix 1e-4 rc=124 capped=1 solve=NA iters=2800 gap=NA
GPU nl_fisher_gamfix 1e-6 SKIPPED (1e-4 did not converge)
GPU nl_fisher_nobnd 1e-4 rc=124 capped=1 solve=NA iters=3100 gap=NA
GPU nl_fisher_nobnd 1e-6 SKIPPED (1e-4 did not converge)
GPU nl_fisher_opt 1e-4 rc=124 capped=1 solve=NA iters=2800 gap=NA
GPU nl_fisher_opt 1e-6 SKIPPED (1e-4 did not converge)
GPU scale_stab_n02 1e-4 rc=0 capped=0 solve=5.89989 iters=519 gap=4.9e-06
GPU scale_stab_n02 1e-6 rc=0 capped=0 solve=45.4078 iters=4023 gap=1.2e-07
GPU scale_stab_n04 1e-4 rc=0 capped=0 solve=9.12919 iters=519 gap=4.9e-06
GPU scale_stab_n04 1e-6 rc=0 capped=0 solve=69.9664 iters=4023 gap=1.2e-07
GPU scale_stab_n08 1e-4 rc=0 capped=0 solve=7.93071 iters=519 gap=4.9e-06
GPU scale_stab_n08 1e-6 rc=0 capped=0 solve=59.7073 iters=4023 gap=1.2e-07
GPU scale_stab_n16 1e-4 rc=0 capped=0 solve=12.6187 iters=519 gap=4.9e-06
GPU scale_stab_n16 1e-6 rc=0 capped=0 solve=82.4983 iters=4023 gap=1.2e-07
GPU stab2_rd 1e-4 rc=0 capped=0 solve=27.5145 iters=1316 gap=5.3e-05
GPU stab2_rd 1e-6 rc=124 capped=1 solve=NA iters=14200 gap=NA
GPU stab2dual_rd 1e-4 rc=0 capped=0 solve=27.609 iters=1316 gap=5.3e-05
GPU stab2dual_rd 1e-6 rc=124 capped=1 solve=NA iters=14200 gap=NA
GPU stab_rd1 1e-4 rc=0 capped=0 solve=1.2375 iters=386 gap=6.7e-07
GPU stab_rd1 1e-6 rc=0 capped=0 solve=16.0442 iters=5104 gap=1.7e-07
GPU stab_rd1_hv 1e-4 rc=0 capped=0 solve=2.0058 iters=519 gap=4.9e-06
GPU stab_rd1_hv 1e-6 rc=0 capped=0 solve=15.8306 iters=4023 gap=1.2e-07
GPU stab_rd1_tight 1e-4 rc=0 capped=0 solve=4.57098 iters=1208 gap=9.8e-06
GPU stab_rd1_tight 1e-6 rc=0 capped=0 solve=31.3284 iters=7968 gap=2.3e-07
GPU stab_tr1 1e-4 rc=0 capped=0 solve=0.451416 iters=143 gap=3.6e-05
GPU stab_tr1 1e-6 rc=0 capped=0 solve=1.97676 iters=697 gap=4.8e-08
GPU stab_wave1 1e-4 rc=0 capped=0 solve=1.52222 iters=360 gap=7.2e-09
GPU stab_wave1 1e-6 rc=0 capped=0 solve=37.1841 iters=9063 gap=1.5e-07
GPU stabdual_rd1 1e-4 rc=0 capped=0 solve=1.24507 iters=386 gap=6.7e-07
GPU stabdual_rd1 1e-6 rc=0 capped=0 solve=16.0362 iters=5104 gap=1.7e-07
GPU stabpde_rd1 1e-4 rc=0 capped=0 solve=6.51743 iters=2284 gap=1.0e-04
GPU stabpde_rd1 1e-6 rc=0 capped=0 solve=111.794 iters=33236 gap=1.0e-06
GPU stabpded_rd1 1e-4 rc=0 capped=0 solve=9.50937 iters=2284 gap=1.0e-04
GPU stabpded_rd1 1e-6 rc=0 capped=0 solve=132.894 iters=33236 gap=1.0e-06
GPU wellposed_rd1 1e-4 rc=0 capped=0 solve=0.236845 iters=44 gap=9.1e-08
GPU wellposed_rd1 1e-6 rc=0 capped=0 solve=1.15341 iters=252 gap=3.8e-09
GPUDONE
=== verify ===
=== CHAIN2DONE ===
