[Warning: Name is nonexistent or not a directory: C:\Users\mpeet\OneDrive\Documents\GitHub\PIETOOLS\PIETOOLS\ndopvar\Old_Codes] 

Error using tbxmanager>tbx_n2s (line 1124)
Malformed string, must be in "name:version:arch" format.

{Error using tbxmanager (line 150)
Cannot continue, see message above.

Error in startup (line 1)
tbxmanager restorepath
^^^^^^^^^^
} 
=== A: slicing vs scale ===

 --- Reordering the state components to allow for representation as PIE ---

 --- Converting the PDE to an equivalent PIE --- 

The following fundamental state components have been introduced:
   x(t,s)    <--  (/s)ýx(t,s)

 --- Conversion to PIE was successful --- 
TBB Warning: The number of workers is currently limited to 7. The request for 23 workers is ignored. Further requests for more workers will be silently ignored until the limit changes.

A eppos2=1e-06  normb=9.428e-07  RR_is_I=0 nvar=404 len_x=404 len_RRx=404 agree=1.00e+00 | relmin_RRx=-8.9569e-02 relmin_x=+1.6940e-11 | absmin_x=+2.333e-16

 --- Reordering the state components to allow for representation as PIE ---

 --- Converting the PDE to an equivalent PIE --- 

The following fundamental state components have been introduced:
   x(t,s)    <--  (/s)ýx(t,s)

 --- Conversion to PIE was successful --- 
A eppos2=0.0001 normb=9.428e-05  RR_is_I=0 nvar=404 len_x=404 len_RRx=404 agree=1.00e+00 | relmin_RRx=-8.9569e-02 relmin_x=+1.6940e-11 | absmin_x=+2.333e-14

 --- Reordering the state components to allow for representation as PIE ---

 --- Converting the PDE to an equivalent PIE --- 

The following fundamental state components have been introduced:
   x(t,s)    <--  (/s)ýx(t,s)

 --- Conversion to PIE was successful --- 
A eppos2=0.01   normb=9.428e-03  RR_is_I=0 nvar=404 len_x=404 len_RRx=404 agree=9.91e-01 | relmin_RRx=-8.9550e-02 relmin_x=+2.9634e-11 | absmin_x=+4.076e-12

 --- Reordering the state components to allow for representation as PIE ---

 --- Converting the PDE to an equivalent PIE --- 

The following fundamental state components have been introduced:
   x(t,s)    <--  (/s)ýx(t,s)

 --- Conversion to PIE was successful --- 
A eppos2=1      normb=9.428e-01  RR_is_I=0 nvar=404 len_x=404 len_RRx=404 agree=2.33e-01 | relmin_RRx=-8.9569e-02 relmin_x=+1.6940e-11 | absmin_x=+2.333e-10
=== B: 2-D io stack ===

 --- Reordering the state components to allow for representation as PIE ---

 --- Converting the PDE to an equivalent PIE --- 

The following fundamental state components have been introduced:
   x(t,s,s)   <--  (/s)ý(/s)ýx(t,s,s)

 --- Conversion to PIE was successful --- 

 --- Searching for an Hinf gain bound using the primal KYP lemma --- 
- Declaring a positive Lyapunov operator variable using the specified options...
- Constructing the negativity constraint...
- Enforcing the negativity constraint...
  - Using an equality constraint...
- Solving the LPI using the specified SDP solver...
Size: 755226   14005
 

MOSEK Version 11.0.30 (Build date: 2025-11-17 21:19:36)
Copyright (c) MOSEK ApS, Denmark WWW: mosek.com
Platform: Windows/64-X86

Problem
  Name                   :                 
  Objective sense        : minimize        
  Type                   : CONIC (conic optimization problem)
  Constraints            : 14005           
  Affine conic cons.     : 0               
  Disjunctive cons.      : 0               
  Cones                  : 0               
  Scalar variables       : 1               
  Matrix variables       : 2 (scalarized: 378051)
  Integer variables      : 0               

Optimizer started.
Presolve started.
Linear dependency checker started.
Linear dependency checker terminated.
Eliminator started.
Freed constraints in eliminator : 0
Eliminator terminated.
Eliminator - tries                  : 1                 time                   : 0.00            
Lin. dep.  - tries                  : 1                 time                   : 0.00            
Lin. dep.  - primal attempts        : 1                 successes              : 1               
Lin. dep.  - dual attempts          : 0                 successes              : 0               
Lin. dep.  - primal deps.           : 0                 dual deps.             : 0               
Presolve terminated. Time: 0.00    
Optimizer  - threads                : 24              
Optimizer  - solved problem         : the primal      
Optimizer  - Constraints            : 14005           
Optimizer  - Cones                  : 1               
Optimizer  - Scalar variables       : 2                 conic                  : 2               
Optimizer  - Semi-definite variables: 2                 scalarized             : 378051          
Factor     - setup time             : 3.07            
Factor     - dense det. time        : 0.00              GP order time          : 0.00            
Factor     - nonzeros before factor : 9.81e+07          after factor           : 9.81e+07        
Factor     - dense dim.             : 0                 flops                  : 1.75e+12        
ITE PFEAS    DFEAS    GFEAS    PRSTATUS   POBJ              DOBJ              MU       TIME  
0   3.0e+00  1.0e+00  1.0e+00  0.00e+00   0.000000000e+00   0.000000000e+00   1.0e+00  3.96  
1   5.7e-01  1.9e-01  3.2e-02  1.32e+00   1.354912786e-01   9.119055089e-02   1.9e-01  22.11 
2   1.0e-01  3.5e-02  2.9e-03  1.72e+00   9.281274642e-02   8.934665755e-02   3.5e-02  33.33 
3   2.7e-02  9.2e-03  5.3e-04  6.28e-01   7.898295940e-02   7.851536076e-02   9.2e-03  44.27 
4   6.6e-03  2.3e-03  1.1e-04  3.74e-01   8.116225609e-02   8.191937308e-02   2.3e-03  54.25 
5   1.6e-03  5.6e-04  2.7e-05  4.06e-02   1.210671940e-01   1.226349032e-01   5.6e-04  64.14 
6   4.5e-04  1.5e-04  7.2e-06  -4.66e-02  1.767957345e-01   1.786237527e-01   1.5e-04  74.36 
7   1.1e-04  3.6e-05  1.4e-06  6.53e-02   2.449333858e-01   2.463380956e-01   3.6e-05  84.73 
8   1.7e-05  5.8e-06  1.5e-07  2.73e-01   3.153757395e-01   3.160031721e-01   5.8e-06  96.24 
9   5.4e-06  1.8e-06  5.3e-08  7.54e-02   3.425693899e-01   3.433853365e-01   1.8e-06  115.74
10  1.5e-06  5.2e-07  1.8e-08  -1.95e-01  3.941191746e-01   3.952832728e-01   5.2e-07  125.91
11  4.9e-07  1.7e-07  6.5e-09  -2.56e-01  4.754992725e-01   4.770380398e-01   1.7e-07  136.15
12  1.3e-07  4.5e-08  2.1e-09  -2.85e-01  6.192414005e-01   6.214079819e-01   4.5e-08  146.81
13  3.5e-08  1.6e-08  6.5e-10  -2.82e-01  8.546389108e-01   8.576812021e-01   1.2e-08  158.02
14  1.3e-08  5.2e-08  1.6e-10  -2.67e-01  1.296776531e+00   1.301240589e+00   2.5e-09  178.83
15  6.1e-09  4.5e-08  6.3e-11  -2.88e-01  1.893331449e+00   1.899474912e+00   8.2e-10  190.76
16  3.1e-09  1.6e-07  2.9e-11  -2.22e-01  2.544361232e+00   2.552690732e+00   3.2e-10  201.64
17  3.1e-09  1.6e-07  2.9e-11  -2.22e-01  2.544361232e+00   2.552690732e+00   3.2e-10  226.15
18  3.1e-09  1.6e-07  2.9e-11  2.73e-01   2.544429096e+00   2.552758244e+00   3.2e-10  240.15
19  3.1e-09  1.6e-07  2.9e-11  2.73e-01   2.544429096e+00   2.552758244e+00   3.2e-10  255.00
20  3.1e-09  1.6e-07  2.9e-11  9.51e-01   2.544429530e+00   2.552758637e+00   3.2e-10  269.04
21  3.1e-09  1.6e-07  2.9e-11  9.51e-01   2.544429747e+00   2.552758833e+00   3.2e-10  284.04
Optimizer terminated. Time: 298.78  


Interior-point solution summary
  Problem status  : UNKNOWN
  Solution status : UNKNOWN
  Primal.  obj: 2.5444297467e+00    nrm: 3e+03    Viol.  con: 4e-05    var: 0e+00    barvar: 0e+00  
  Dual.    obj: 2.5527588335e+00    nrm: 3e+05    Viol.  con: 0e+00    var: 2e-06    barvar: 7e-04  
Optimizer summary
  Optimizer                 -                        time: 298.78  
    Interior-point          - iterations : 22        time: 298.78  
    Simplex                 - iterations : 0         time: 0.00    
    Mixed integer           - relaxations: 0         time: 0.00    

 
Residual norm: 0.00013618
 
       cpusec: 298.7776
         iter: 22
    feasratio: 0.9511
         dinf: 0
         pinf: 0
       numerr: 2

The system of equations was successfully solved. However, Double-check the precision.
The H-infty norm of the given system is upper bounded by:
    1.2722

B ERR Too many input arguments.
B   at bl_b_io2 line 26
B   at dbg2 line 52
B   at run line 112
DBG2DONE
