[Warning: Name is nonexistent or not a directory: C:\Users\mpeet\OneDrive\Documents\GitHub\PIETOOLS\PIETOOLS\ndopvar\Old_Codes] 

Error using tbxmanager>tbx_n2s (line 1124)
Malformed string, must be in "name:version:arch" format.

{Error using tbxmanager (line 150)
Cannot continue, see message above.

Error in startup (line 1)
tbxmanager restorepath
^^^^^^^^^^
} 

 --- Reordering the state components to allow for representation as PIE ---

 --- Converting the PDE to an equivalent PIE --- 

The following fundamental state components have been introduced:
   x(t,s)    <--  (/s)ýx(t,s)

 --- Conversion to PIE was successful --- 
DM variant|d1|quad|surv|joint|R0:degs|R1:degs,degth,tot|R2:degs,degth,tot
DM baseline|2|1|2|3|4|5,5,7|5,5,7
DM d1   +1|3|1|2|3|6|5,5,7|5,5,7
DM quad +1 (slot1)|2|2|2|3|4|6,6,7|6,6,7
DM surv +1 (slot2)|2|1|3|3|4|5,5,7|5,5,7
DM joint+1 (slot3)|2|1|2|4|4|5,5,7|5,5,7
DM --- pure scaling check: does deg scale as 2*d?
DM d=1 -> 2d=2 | R0 deg_s=2 | R1 deg_s=4 deg_th=4 total=5
DM d=2 -> 2d=4 | R0 deg_s=4 | R1 deg_s=7 deg_th=7 total=9
DM d=3 -> 2d=6 | R0 deg_s=6 | R1 deg_s=10 deg_th=10 total=13
DM d=4 -> 2d=8 | R0 deg_s=8 | R1 deg_s=13 deg_th=13 total=17
DM --- with psatz (g = s(1-s), degree 2): how much does the multiplier add?
DM psatz d=1 | R0 deg_s=4 | R1 deg_s=6 deg_th=6 total=7
DM psatz d=2 | R0 deg_s=6 | R1 deg_s=9 deg_th=9 total=11
DM psatz d=3 | R0 deg_s=8 | R1 deg_s=12 deg_th=12 total=15
DMDONE
