[Warning: Name is nonexistent or not a directory: C:\Users\mpeet\OneDrive\Documents\GitHub\PIETOOLS\PIETOOLS\ndopvar\Old_Codes] 

Error using tbxmanager>tbx_n2s (line 1124)
Malformed string, must be in "name:version:arch" format.

{Error using tbxmanager (line 150)
Cannot continue, see message above.

Error in startup (line 1)
tbxmanager restorepath
^^^^^^^^^^
} 

 --- Reordering the state components to allow for representation as PIE ---

 --- Converting the PDE to an equivalent PIE --- 

The following fundamental state components have been introduced:
   x(t,s,s)   <--  (/s)ý(/s)ýx(t,s,s)

 --- Conversion to PIE was successful --- 
DG Top.dim(:,1) = [0  0  0  1]   <- which components EXIST
DG eqd.dx{1}=2  eqd.dy{1}=2
DG eqd.d2{1,1} =
     1     2
     2     3

DG redx.d2{1,1} =
     1     2
     1     2

DG redy.d2{1,1} =
     1     1
     2     2

DG unif.d2{1,1} =
     0     1
     1     2

DG dx after redx: 1   dy after redx: 2
DG dx after unif: 1   dy after unif: 1
DG d2{2,2} eqd:
     1     3     3     5
     3     3     3     5
     3     3     3     5
     5     5     5     5

DG d2{2,2} redx:
     1     3     3     5
     2     2     2     4
     2     2     2     4
     4     4     4     4

DG d2{2,2} unif:
     0     2     2     4
     2     2     2     4
     2     2     2     4
     4     4     4     4

DG eq_opts.exclude = [0 0 0 0 0 0 0 1 1 1 1 1 0 0 0 0]
DG psatz3 with eqd   -> block 264
DG psatz3 with redx  -> block 104
DG psatz3 with redy  -> block 104
DG psatz3 with unif  -> block 104
DGDONE
