[Warning: Name is nonexistent or not a directory: C:\Users\mpeet\OneDrive\Documents\GitHub\PIETOOLS\PIETOOLS\ndopvar\Old_Codes] 

Error using tbxmanager>tbx_n2s (line 1124)
Malformed string, must be in "name:version:arch" format.

{Error using tbxmanager (line 150)
Cannot continue, see message above.

Error in startup (line 1)
tbxmanager restorepath
^^^^^^^^^^
} 
D1 label|m|nvar|Kf|nblk|Ns|eigcost|nnzAt|vec_len

 --- Reordering the state components to allow for representation as PIE ---

 --- Converting the PDE to an equivalent PIE --- 

The following fundamental state components have been introduced:
   x(t,s)    <--  (/s)ýx(t,s)

 --- Conversion to PIE was successful --- 
D1 1d_Dup1|130|404|43|3|[10  15   6]|4591|982|239

 --- Reordering the state components to allow for representation as PIE ---

 --- Converting the PDE to an equivalent PIE --- 

The following fundamental state components have been introduced:
   x(t,s)    <--  (/s)ýx(t,s)

 --- Conversion to PIE was successful --- 
D1 1d_Dup2|140|1044|43|3|[10  26  15]|21951|1777|569
D1DONE
