[Warning: Name is nonexistent or not a directory: C:\Users\mpeet\OneDrive\Documents\GitHub\PIETOOLS\PIETOOLS\ndopvar\Old_Codes] 

Error using tbxmanager>tbx_n2s (line 1124)
Malformed string, must be in "name:version:arch" format.

{Error using tbxmanager (line 150)
Cannot continue, see message above.

Error in startup (line 1)
tbxmanager restorepath
^^^^^^^^^^
} 

 --- Reordering the state components to allow for representation as PIE ---

 --- Converting the PDE to an equivalent PIE --- 

The following fundamental state components have been introduced:
   x(t,s)    <--  (/s)ýx(t,s)

 --- Conversion to PIE was successful --- 
TBB Warning: The number of workers is currently limited to 7. The request for 23 workers is ignored. Further requests for more workers will be silently ignored until the limit changes.


 --- Reordering the state components to allow for representation as PIE ---

 --- Converting the PDE to an equivalent PIE --- 

The following fundamental state components have been introduced:
   x(t,s)    <--  (/s)ýx(t,s)

 --- Conversion to PIE was successful --- 

 --- Reordering the state components to allow for representation as PIE ---

 --- Converting the PDE to an equivalent PIE --- 

The following fundamental state components have been introduced:
   x(t,s)    <--  (/s)ýx(t,s)

 --- Conversion to PIE was successful --- 

 --- Reordering the state components to allow for representation as PIE ---

 --- Converting the PDE to an equivalent PIE --- 

The following fundamental state components have been introduced:
   x(t,s)    <--  (/s)ýx(t,s)

 --- Conversion to PIE was successful --- 

 --- Reordering the state components to allow for representation as PIE ---

 --- Converting the PDE to an equivalent PIE --- 

The following fundamental state components have been introduced:
   x(t,s)    <--  (/s)ýx(t,s)

 --- Conversion to PIE was successful --- 

 --- Reordering the state components to allow for representation as PIE ---

 --- Converting the PDE to an equivalent PIE --- 

The following fundamental state components have been introduced:
   x(t,s)    <--  (/s)ýx(t,s)

 --- Conversion to PIE was successful --- 
GR f_dst=1.05 src|normx|rel_b|op_ind|op_abs|op_over_row|rank_row|rank_op
GR 1.05|0.30|1.9657e+01|6.5571e-01|4.0678e+00|1.5198e-01|6.204|5|5
GR 1.05|0.50|4.2546e+01|4.8085e-01|2.9831e+00|1.1145e-01|6.204|4|4
GR 1.05|0.70|1.4119e+02|3.0600e-01|1.8983e+00|7.0925e-02|6.204|3|3
GR 1.05|0.80|2.3966e+02|2.1857e-01|1.3559e+00|5.0661e-02|6.204|2|2
GR 1.05|0.90|3.8132e+02|1.3114e-01|8.1356e-01|3.0396e-02|6.204|1|1
GRINV f=1.05|kendall_disagree=0 of 10 pairs

 --- Reordering the state components to allow for representation as PIE ---

 --- Converting the PDE to an equivalent PIE --- 

The following fundamental state components have been introduced:
   x(t,s)    <--  (/s)ýx(t,s)

 --- Conversion to PIE was successful --- 
GR f_dst=1.20 src|normx|rel_b|op_ind|op_abs|op_over_row|rank_row|rank_op
GR 1.20|0.30|1.9657e+01|6.9674e-01|4.5000e+00|1.8238e-01|6.459|5|5
GR 1.20|0.50|4.2546e+01|5.4191e-01|3.5000e+00|1.4185e-01|6.459|4|4
GR 1.20|0.70|1.4119e+02|3.8708e-01|2.5000e+00|1.0132e-01|6.459|3|3
GR 1.20|0.80|2.3966e+02|3.0966e-01|2.0000e+00|8.1057e-02|6.459|2|2
GR 1.20|0.90|3.8132e+02|2.3225e-01|1.5000e+00|6.0793e-02|6.459|1|1
GRINV f=1.20|kendall_disagree=0 of 10 pairs
GRDONE
