[Warning: Name is nonexistent or not a directory: C:\Users\mpeet\OneDrive\Documents\GitHub\PIETOOLS\PIETOOLS\ndopvar\Old_Codes] 

Error using tbxmanager>tbx_n2s (line 1124)
Malformed string, must be in "name:version:arch" format.

{Error using tbxmanager (line 150)
Cannot continue, see message above.

Error in startup (line 1)
tbxmanager restorepath
^^^^^^^^^^
} 
LC plant|set|m|nblk|lam|cert|rel_b|feasratio|numerr

 --- Reordering the state components to allow for representation as PIE ---

 --- Converting the PDE to an equivalent PIE --- 

The following fundamental state components have been introduced:
   x(t,s,s)   <--  (/s)ý(/s)ýx(t,s,s)

 --- Conversion to PIE was successful --- 
TBB Warning: The number of workers is currently limited to 7. The request for 23 workers is ignored. Further requests for more workers will be silently ignored until the limit changes.

LC L0 constant|none|2880|1|1|0|5.266e-03|-1.0000|2
LCREACH L0 constant|none|lam_max=none|m=2880|nblk=1

 --- Reordering the state components to allow for representation as PIE ---

 --- Converting the PDE to an equivalent PIE --- 

The following fundamental state components have been introduced:
   x(t,s,s)   <--  (/s)ý(/s)ýx(t,s,s)

 --- Conversion to PIE was successful --- 
LC L0 constant|product|5848|2|1|1|4.898e-08|+0.9300|0

 --- Reordering the state components to allow for representation as PIE ---

 --- Converting the PDE to an equivalent PIE --- 

The following fundamental state components have been introduced:
   x(t,s,s)   <--  (/s)ý(/s)ýx(t,s,s)

 --- Conversion to PIE was successful --- 
LC L0 constant|product|5848|2|2|0|1.031e-07|+0.3140|0
LCREACH L0 constant|product|lam_max=1|m=5848|nblk=2

 --- Reordering the state components to allow for representation as PIE ---

 --- Converting the PDE to an equivalent PIE --- 

The following fundamental state components have been introduced:
   x(t,s,s)   <--  (/s)ý(/s)ýx(t,s,s)

 --- Conversion to PIE was successful --- 
LC L0 constant|linear4|3728|5|1|1|1.595e-07|+0.9870|0

 --- Reordering the state components to allow for representation as PIE ---

 --- Converting the PDE to an equivalent PIE --- 

The following fundamental state components have been introduced:
   x(t,s,s)   <--  (/s)ý(/s)ýx(t,s,s)

 --- Conversion to PIE was successful --- 
LC L0 constant|linear4|3728|5|2|1|2.378e-08|+1.0198|0

 --- Reordering the state components to allow for representation as PIE ---

 --- Converting the PDE to an equivalent PIE --- 

The following fundamental state components have been introduced:
   x(t,s,s)   <--  (/s)ý(/s)ýx(t,s,s)

 --- Conversion to PIE was successful --- 
LC L0 constant|linear4|3728|5|5|1|3.251e-08|+1.0933|0

 --- Reordering the state components to allow for representation as PIE ---

 --- Converting the PDE to an equivalent PIE --- 

The following fundamental state components have been introduced:
   x(t,s,s)   <--  (/s)ý(/s)ýx(t,s,s)

 --- Conversion to PIE was successful --- 
LC L0 constant|linear4|3728|5|10|1|7.450e-08|+0.9954|0

 --- Reordering the state components to allow for representation as PIE ---

 --- Converting the PDE to an equivalent PIE --- 

The following fundamental state components have been introduced:
   x(t,s,s)   <--  (/s)ý(/s)ýx(t,s,s)

 --- Conversion to PIE was successful --- 
LC L0 constant|linear4|3728|5|15|1|7.625e-08|+0.9847|0

 --- Reordering the state components to allow for representation as PIE ---

 --- Converting the PDE to an equivalent PIE --- 

The following fundamental state components have been introduced:
   x(t,s,s)   <--  (/s)ý(/s)ýx(t,s,s)

 --- Conversion to PIE was successful --- 
LC L0 constant|linear4|3728|5|19|1|7.659e-08|+0.7617|0
LCREACH L0 constant|linear4|lam_max=19|m=3728|nblk=5

 --- Reordering the state components to allow for representation as PIE ---

 --- Converting the PDE to an equivalent PIE --- 

The following fundamental state components have been introduced:
   x(t,s,s)   <--  (/s)ý(/s)ýx(t,s,s)

 --- Conversion to PIE was successful --- 
LC L1 local destab reaction|none|2880|1|1|0|7.862e-04|-1.0000|2
LCREACH L1 local destab reaction|none|lam_max=none|m=2880|nblk=1

 --- Reordering the state components to allow for representation as PIE ---

 --- Converting the PDE to an equivalent PIE --- 

The following fundamental state components have been introduced:
   x(t,s,s)   <--  (/s)ý(/s)ýx(t,s,s)

 --- Conversion to PIE was successful --- 
LC L1 local destab reaction|product|5848|2|1|0|2.391e-06|-0.9179|2
LCREACH L1 local destab reaction|product|lam_max=none|m=5848|nblk=2

 --- Reordering the state components to allow for representation as PIE ---

 --- Converting the PDE to an equivalent PIE --- 

The following fundamental state components have been introduced:
   x(t,s,s)   <--  (/s)ý(/s)ýx(t,s,s)

 --- Conversion to PIE was successful --- 
LC L1 local destab reaction|linear4|3728|5|1|1|2.373e-08|+0.9988|0

 --- Reordering the state components to allow for representation as PIE ---

 --- Converting the PDE to an equivalent PIE --- 

The following fundamental state components have been introduced:
   x(t,s,s)   <--  (/s)ý(/s)ýx(t,s,s)

 --- Conversion to PIE was successful --- 
LC L1 local destab reaction|linear4|3728|5|2|1|7.653e-08|+1.0036|0

 --- Reordering the state components to allow for representation as PIE ---

 --- Converting the PDE to an equivalent PIE --- 

The following fundamental state components have been introduced:
   x(t,s,s)   <--  (/s)ý(/s)ýx(t,s,s)

 --- Conversion to PIE was successful --- 
LC L1 local destab reaction|linear4|3728|5|5|1|1.458e-07|+1.0771|0

 --- Reordering the state components to allow for representation as PIE ---

 --- Converting the PDE to an equivalent PIE --- 

The following fundamental state components have been introduced:
   x(t,s,s)   <--  (/s)ý(/s)ýx(t,s,s)

 --- Conversion to PIE was successful --- 
LC L1 local destab reaction|linear4|3728|5|10|1|5.268e-08|+1.0654|0

 --- Reordering the state components to allow for representation as PIE ---

 --- Converting the PDE to an equivalent PIE --- 

The following fundamental state components have been introduced:
   x(t,s,s)   <--  (/s)ý(/s)ýx(t,s,s)

 --- Conversion to PIE was successful --- 
LC L1 local destab reaction|linear4|3728|5|15|1|1.430e-07|+0.9972|0

 --- Reordering the state components to allow for representation as PIE ---

 --- Converting the PDE to an equivalent PIE --- 

The following fundamental state components have been introduced:
   x(t,s,s)   <--  (/s)ý(/s)ýx(t,s,s)

 --- Conversion to PIE was successful --- 
LC L1 local destab reaction|linear4|3728|5|19|1|2.499e-08|+1.0292|0
LCREACH L1 local destab reaction|linear4|lam_max=19|m=3728|nblk=5

 --- Reordering the state components to allow for representation as PIE ---

 --- Converting the PDE to an equivalent PIE --- 

The following fundamental state components have been introduced:
   x(t,s,s)   <--  (/s)ý(/s)ýx(t,s,s)

 --- Conversion to PIE was successful --- 
LC L2 degenerate diffusion|none|2880|1|1|0|1.000e+00|-1.0000|0
LCREACH L2 degenerate diffusion|none|lam_max=none|m=2880|nblk=1

 --- Reordering the state components to allow for representation as PIE ---

 --- Converting the PDE to an equivalent PIE --- 

The following fundamental state components have been introduced:
   x(t,s,s)   <--  (/s)ý(/s)ýx(t,s,s)

 --- Conversion to PIE was successful --- 
LC L2 degenerate diffusion|product|5848|2|1|0|1.000e+00|-1.0000|0
LCREACH L2 degenerate diffusion|product|lam_max=none|m=5848|nblk=2

 --- Reordering the state components to allow for representation as PIE ---

 --- Converting the PDE to an equivalent PIE --- 

The following fundamental state components have been introduced:
   x(t,s,s)   <--  (/s)ý(/s)ýx(t,s,s)

 --- Conversion to PIE was successful --- 
LC L2 degenerate diffusion|linear4|3728|5|1|1|4.579e-08|+1.0393|0

 --- Reordering the state components to allow for representation as PIE ---

 --- Converting the PDE to an equivalent PIE --- 

The following fundamental state components have been introduced:
   x(t,s,s)   <--  (/s)ý(/s)ýx(t,s,s)

 --- Conversion to PIE was successful --- 
LC L2 degenerate diffusion|linear4|3728|5|2|1|6.392e-08|+1.0211|0

 --- Reordering the state components to allow for representation as PIE ---

 --- Converting the PDE to an equivalent PIE --- 

The following fundamental state components have been introduced:
   x(t,s,s)   <--  (/s)ý(/s)ýx(t,s,s)

 --- Conversion to PIE was successful --- 
LC L2 degenerate diffusion|linear4|3728|5|5|1|1.691e-07|+0.9607|0

 --- Reordering the state components to allow for representation as PIE ---

 --- Converting the PDE to an equivalent PIE --- 

The following fundamental state components have been introduced:
   x(t,s,s)   <--  (/s)ý(/s)ýx(t,s,s)

 --- Conversion to PIE was successful --- 
LC L2 degenerate diffusion|linear4|3728|5|10|1|1.531e-07|+0.9290|0

 --- Reordering the state components to allow for representation as PIE ---

 --- Converting the PDE to an equivalent PIE --- 

The following fundamental state components have been introduced:
   x(t,s,s)   <--  (/s)ý(/s)ýx(t,s,s)

 --- Conversion to PIE was successful --- 
LC L2 degenerate diffusion|linear4|3728|5|15|0|1.000e+00|-1.0000|0
LCREACH L2 degenerate diffusion|linear4|lam_max=10|m=3728|nblk=5

 --- Reordering the state components to allow for representation as PIE ---

 --- Converting the PDE to an equivalent PIE --- 

The following fundamental state components have been introduced:
   x(t,s,s)   <--  (/s)ý(/s)ýx(t,s,s)

 --- Conversion to PIE was successful --- 
LC L3 central patch|none|2880|1|1|1|5.888e-08|+0.9207|0

 --- Reordering the state components to allow for representation as PIE ---

 --- Converting the PDE to an equivalent PIE --- 

The following fundamental state components have been introduced:
   x(t,s,s)   <--  (/s)ý(/s)ýx(t,s,s)

 --- Conversion to PIE was successful --- 
LC L3 central patch|none|2880|1|2|1|6.840e-08|+0.9342|0

 --- Reordering the state components to allow for representation as PIE ---

 --- Converting the PDE to an equivalent PIE --- 

The following fundamental state components have been introduced:
   x(t,s,s)   <--  (/s)ý(/s)ýx(t,s,s)

 --- Conversion to PIE was successful --- 
LC L3 central patch|none|2880|1|5|1|3.307e-08|+0.9422|0

 --- Reordering the state components to allow for representation as PIE ---

 --- Converting the PDE to an equivalent PIE --- 

The following fundamental state components have been introduced:
   x(t,s,s)   <--  (/s)ý(/s)ýx(t,s,s)

 --- Conversion to PIE was successful --- 
LC L3 central patch|none|2880|1|10|1|5.145e-07|+2.9598|0

 --- Reordering the state components to allow for representation as PIE ---

 --- Converting the PDE to an equivalent PIE --- 

The following fundamental state components have been introduced:
   x(t,s,s)   <--  (/s)ý(/s)ýx(t,s,s)

 --- Conversion to PIE was successful --- 
LC L3 central patch|none|2880|1|15|0|2.178e-04|-0.9999|2
LCREACH L3 central patch|none|lam_max=10|m=2880|nblk=1

 --- Reordering the state components to allow for representation as PIE ---

 --- Converting the PDE to an equivalent PIE --- 

The following fundamental state components have been introduced:
   x(t,s,s)   <--  (/s)ý(/s)ýx(t,s,s)

 --- Conversion to PIE was successful --- 
LC L3 central patch|product|5848|2|1|1|1.417e-07|+1.2047|0

 --- Reordering the state components to allow for representation as PIE ---

 --- Converting the PDE to an equivalent PIE --- 

The following fundamental state components have been introduced:
   x(t,s,s)   <--  (/s)ý(/s)ýx(t,s,s)

 --- Conversion to PIE was successful --- 
LC L3 central patch|product|5848|2|2|1|1.210e-07|+0.9154|0

 --- Reordering the state components to allow for representation as PIE ---

 --- Converting the PDE to an equivalent PIE --- 

The following fundamental state components have been introduced:
   x(t,s,s)   <--  (/s)ý(/s)ýx(t,s,s)

 --- Conversion to PIE was successful --- 
LC L3 central patch|product|5848|2|5|1|1.271e-07|+0.8442|0

 --- Reordering the state components to allow for representation as PIE ---

 --- Converting the PDE to an equivalent PIE --- 

The following fundamental state components have been introduced:
   x(t,s,s)   <--  (/s)ý(/s)ýx(t,s,s)

 --- Conversion to PIE was successful --- 
LC L3 central patch|product|5848|2|10|1|4.307e-08|+0.8470|0

 --- Reordering the state components to allow for representation as PIE ---

 --- Converting the PDE to an equivalent PIE --- 

The following fundamental state components have been introduced:
   x(t,s,s)   <--  (/s)ý(/s)ýx(t,s,s)

 --- Conversion to PIE was successful --- 
LC L3 central patch|product|5848|2|15|1|1.288e-07|+5.5894|0

 --- Reordering the state components to allow for representation as PIE ---

 --- Converting the PDE to an equivalent PIE --- 

The following fundamental state components have been introduced:
   x(t,s,s)   <--  (/s)ý(/s)ýx(t,s,s)

 --- Conversion to PIE was successful --- 
LC L3 central patch|product|5848|2|19|0|1.000e+00|-1.0000|0
LCREACH L3 central patch|product|lam_max=15|m=5848|nblk=2

 --- Reordering the state components to allow for representation as PIE ---

 --- Converting the PDE to an equivalent PIE --- 

The following fundamental state components have been introduced:
   x(t,s,s)   <--  (/s)ý(/s)ýx(t,s,s)

 --- Conversion to PIE was successful --- 
LC L3 central patch|linear4|3728|5|1|1|9.241e-08|+1.0337|0

 --- Reordering the state components to allow for representation as PIE ---

 --- Converting the PDE to an equivalent PIE --- 

The following fundamental state components have been introduced:
   x(t,s,s)   <--  (/s)ý(/s)ýx(t,s,s)

 --- Conversion to PIE was successful --- 
LC L3 central patch|linear4|3728|5|2|1|7.438e-08|+0.9731|0

 --- Reordering the state components to allow for representation as PIE ---

 --- Converting the PDE to an equivalent PIE --- 

The following fundamental state components have been introduced:
   x(t,s,s)   <--  (/s)ý(/s)ýx(t,s,s)

 --- Conversion to PIE was successful --- 
LC L3 central patch|linear4|3728|5|5|1|1.298e-08|+1.0041|0

 --- Reordering the state components to allow for representation as PIE ---

 --- Converting the PDE to an equivalent PIE --- 

The following fundamental state components have been introduced:
   x(t,s,s)   <--  (/s)ý(/s)ýx(t,s,s)

 --- Conversion to PIE was successful --- 
LC L3 central patch|linear4|3728|5|10|1|6.536e-08|+1.0015|0

 --- Reordering the state components to allow for representation as PIE ---

 --- Converting the PDE to an equivalent PIE --- 

The following fundamental state components have been introduced:
   x(t,s,s)   <--  (/s)ý(/s)ýx(t,s,s)

 --- Conversion to PIE was successful --- 
LC L3 central patch|linear4|3728|5|15|1|8.707e-08|+0.9752|0

 --- Reordering the state components to allow for representation as PIE ---

 --- Converting the PDE to an equivalent PIE --- 

The following fundamental state components have been introduced:
   x(t,s,s)   <--  (/s)ý(/s)ýx(t,s,s)

 --- Conversion to PIE was successful --- 
LC L3 central patch|linear4|3728|5|19|1|1.826e-07|+0.9910|0
LCREACH L3 central patch|linear4|lam_max=19|m=3728|nblk=5
LCDONE
