[Warning: Name is nonexistent or not a directory: C:\Users\mpeet\OneDrive\Documents\GitHub\PIETOOLS\PIETOOLS\ndopvar\Old_Codes] 

Error using tbxmanager>tbx_n2s (line 1124)
Malformed string, must be in "name:version:arch" format.

{Error using tbxmanager (line 150)
Cannot continue, see message above.

Error in startup (line 1)
tbxmanager restorepath
^^^^^^^^^^
} 
OG set|m|nblk|Ns|lam|cert|rel_b|feasratio|numerr|t

 --- Reordering the state components to allow for representation as PIE ---

 --- Converting the PDE to an equivalent PIE --- 

The following fundamental state components have been introduced:
   x(t)        <--                  x(t)
   x(t,s,s)  <--  (/s)ý(/s)ýx(t,s,s)

 --- Conversion to PIE was successful --- 
TBB Warning: The number of workers is currently limited to 7. The request for 23 workers is ignored. Further requests for more workers will be silently ignored until the limit changes.

OG none|2915|1|[265]|1|1|1.460e-07|+0.5168|0|11.6

 --- Reordering the state components to allow for representation as PIE ---

 --- Converting the PDE to an equivalent PIE --- 

The following fundamental state components have been introduced:
   x(t)        <--                  x(t)
   x(t,s,s)  <--  (/s)ý(/s)ýx(t,s,s)

 --- Conversion to PIE was successful --- 
OG none|2915|1|[265]|2|0|1.387e-01|-1.0000|2|10.5
OGREACH none|lam_max=1|m=2915|nblk=1|Ns=[265]

 --- Reordering the state components to allow for representation as PIE ---

 --- Converting the PDE to an equivalent PIE --- 

The following fundamental state components have been introduced:
   x(t)        <--                  x(t)
   x(t,s,s)  <--  (/s)ý(/s)ýx(t,s,s)

 --- Conversion to PIE was successful --- 
OG product|5913|2|[265  265]|1|1|1.731e-07|+1.0937|0|17.6

 --- Reordering the state components to allow for representation as PIE ---

 --- Converting the PDE to an equivalent PIE --- 

The following fundamental state components have been introduced:
   x(t)        <--                  x(t)
   x(t,s,s)  <--  (/s)ý(/s)ýx(t,s,s)

 --- Conversion to PIE was successful --- 
OG product|5913|2|[265  265]|2|1|1.365e-07|+0.8009|0|17.4

 --- Reordering the state components to allow for representation as PIE ---

 --- Converting the PDE to an equivalent PIE --- 

The following fundamental state components have been introduced:
   x(t)        <--                  x(t)
   x(t,s,s)  <--  (/s)ý(/s)ýx(t,s,s)

 --- Conversion to PIE was successful --- 
OG product|5913|2|[265  265]|5|0|1.150e-02|-1.0000|2|23.8
OGREACH product|lam_max=2|m=5913|nblk=2|Ns=[265  265]

 --- Reordering the state components to allow for representation as PIE ---

 --- Converting the PDE to an equivalent PIE --- 

The following fundamental state components have been introduced:
   x(t)        <--                  x(t)
   x(t,s,s)  <--  (/s)ý(/s)ýx(t,s,s)

 --- Conversion to PIE was successful --- 
OG linear4|3772|5|[265  265  265  265  265]|1|1|1.601e-08|+0.9924|0|21.4

 --- Reordering the state components to allow for representation as PIE ---

 --- Converting the PDE to an equivalent PIE --- 

The following fundamental state components have been introduced:
   x(t)        <--                  x(t)
   x(t,s,s)  <--  (/s)ý(/s)ýx(t,s,s)

 --- Conversion to PIE was successful --- 
OG linear4|3772|5|[265  265  265  265  265]|2|1|2.085e-08|+1.0376|0|20.9

 --- Reordering the state components to allow for representation as PIE ---

 --- Converting the PDE to an equivalent PIE --- 

The following fundamental state components have been introduced:
   x(t)        <--                  x(t)
   x(t,s,s)  <--  (/s)ý(/s)ýx(t,s,s)

 --- Conversion to PIE was successful --- 
OG linear4|3772|5|[265  265  265  265  265]|5|1|9.346e-08|+0.9511|0|25.1

 --- Reordering the state components to allow for representation as PIE ---

 --- Converting the PDE to an equivalent PIE --- 

The following fundamental state components have been introduced:
   x(t)        <--                  x(t)
   x(t,s,s)  <--  (/s)ý(/s)ýx(t,s,s)

 --- Conversion to PIE was successful --- 
OG linear4|3772|5|[265  265  265  265  265]|10|1|7.709e-08|+1.0379|0|28.9

 --- Reordering the state components to allow for representation as PIE ---

 --- Converting the PDE to an equivalent PIE --- 

The following fundamental state components have been introduced:
   x(t)        <--                  x(t)
   x(t,s,s)  <--  (/s)ý(/s)ýx(t,s,s)

 --- Conversion to PIE was successful --- 
OG linear4|3772|5|[265  265  265  265  265]|15|1|1.361e-07|+0.9409|0|29.4

 --- Reordering the state components to allow for representation as PIE ---

 --- Converting the PDE to an equivalent PIE --- 

The following fundamental state components have been introduced:
   x(t)        <--                  x(t)
   x(t,s,s)  <--  (/s)ý(/s)ýx(t,s,s)

 --- Conversion to PIE was successful --- 
OG linear4|3772|5|[265  265  265  265  265]|19|1|3.358e-08|+0.9751|0|24.8
OGREACH linear4|lam_max=19|m=3772|nblk=5|Ns=[265  265  265  265  265]
OGDONE
