[Warning: Name is nonexistent or not a directory: C:\Users\mpeet\OneDrive\Documents\GitHub\PIETOOLS\PIETOOLS\ndopvar\Old_Codes] 

Error using tbxmanager>tbx_n2s (line 1124)
Malformed string, must be in "name:version:arch" format.

{Error using tbxmanager (line 150)
Cannot continue, see message above.

Error in startup (line 1)
tbxmanager restorepath
^^^^^^^^^^
} 
PG set|nterm|m|nblk|frac|lam|cert|rel_b|feasratio|numerr|t

 --- Reordering the state components to allow for representation as PIE ---

 --- Converting the PDE to an equivalent PIE --- 

The following fundamental state components have been introduced:
   x(t,s,s)   <--  (/s)ý(/s)ýx(t,s,s)

 --- Conversion to PIE was successful --- 
TBB Warning: The number of workers is currently limited to 7. The request for 23 workers is ignored. Further requests for more workers will be silently ignored until the limit changes.

PG CONTROL g1,g2 (handles)|2|4676|3|0.1000|1.9739|1|8.822e-08|+1.0330|0|28.8

 --- Reordering the state components to allow for representation as PIE ---

 --- Converting the PDE to an equivalent PIE --- 

The following fundamental state components have been introduced:
   x(t,s,s)   <--  (/s)ý(/s)ýx(t,s,s)

 --- Conversion to PIE was successful --- 
PG CONTROL g1,g2 (handles)|2|4676|3|0.5000|9.8696|1|1.156e-07|+1.0824|0|26.8

 --- Reordering the state components to allow for representation as PIE ---

 --- Converting the PDE to an equivalent PIE --- 

The following fundamental state components have been introduced:
   x(t,s,s)   <--  (/s)ý(/s)ýx(t,s,s)

 --- Conversion to PIE was successful --- 
PG CONTROL g1,g2 (handles)|2|4676|3|0.9000|17.7653|1|3.066e-08|+0.9196|0|26.6

 --- Reordering the state components to allow for representation as PIE ---

 --- Converting the PDE to an equivalent PIE --- 

The following fundamental state components have been introduced:
   x(t,s,s)   <--  (/s)ý(/s)ýx(t,s,s)

 --- Conversion to PIE was successful --- 
PG CONTROL g1,g2 (handles)|2|4676|3|0.9900|19.5418|1|1.035e-07|+0.8862|0|28.8

 --- Reordering the state components to allow for representation as PIE ---

 --- Converting the PDE to an equivalent PIE --- 

The following fundamental state components have been introduced:
   x(t,s,s)   <--  (/s)ý(/s)ýx(t,s,s)

 --- Conversion to PIE was successful --- 
PG CONTROL g1,g2 (handles)|2|4676|3|0.9990|19.7195|0|5.822e-05|-1.0000|2|39.1
PGREACH CONTROL g1,g2 (handles)|nterm=2|reach=0.9900|m=4676|nblk=3

 --- Reordering the state components to allow for representation as PIE ---

 --- Converting the PDE to an equivalent PIE --- 

The following fundamental state components have been introduced:
   x(t,s,s)   <--  (/s)ý(/s)ýx(t,s,s)

 --- Conversion to PIE was successful --- 
PG linear4 {s1,1-s1,s2,1-s2}|4|3728|5|0.1000|1.9739|1|1.434e-08|+1.0071|0|36.5

 --- Reordering the state components to allow for representation as PIE ---

 --- Converting the PDE to an equivalent PIE --- 

The following fundamental state components have been introduced:
   x(t,s,s)   <--  (/s)ý(/s)ýx(t,s,s)

 --- Conversion to PIE was successful --- 
PG linear4 {s1,1-s1,s2,1-s2}|4|3728|5|0.5000|9.8696|1|6.868e-08|+0.9868|0|34.8

 --- Reordering the state components to allow for representation as PIE ---

 --- Converting the PDE to an equivalent PIE --- 

The following fundamental state components have been introduced:
   x(t,s,s)   <--  (/s)ý(/s)ýx(t,s,s)

 --- Conversion to PIE was successful --- 
PG linear4 {s1,1-s1,s2,1-s2}|4|3728|5|0.9000|17.7653|1|9.113e-08|+0.9079|0|36.2

 --- Reordering the state components to allow for representation as PIE ---

 --- Converting the PDE to an equivalent PIE --- 

The following fundamental state components have been introduced:
   x(t,s,s)   <--  (/s)ý(/s)ýx(t,s,s)

 --- Conversion to PIE was successful --- 
PG linear4 {s1,1-s1,s2,1-s2}|4|3728|5|0.9900|19.5418|1|8.922e-08|+0.6984|0|37.2

 --- Reordering the state components to allow for representation as PIE ---

 --- Converting the PDE to an equivalent PIE --- 

The following fundamental state components have been introduced:
   x(t,s,s)   <--  (/s)ý(/s)ýx(t,s,s)

 --- Conversion to PIE was successful --- 
PG linear4 {s1,1-s1,s2,1-s2}|4|3728|5|0.9990|19.7195|1|1.077e-07|+0.7177|0|42.3

 --- Reordering the state components to allow for representation as PIE ---

 --- Converting the PDE to an equivalent PIE --- 

The following fundamental state components have been introduced:
   x(t,s,s)   <--  (/s)ý(/s)ýx(t,s,s)

 --- Conversion to PIE was successful --- 
PG linear4 {s1,1-s1,s2,1-s2}|4|3728|5|0.9999|19.7372|1|1.158e-07|+0.7681|0|41.2
PGREACH linear4 {s1,1-s1,s2,1-s2}|nterm=4|reach=0.9999|m=3728|nblk=5

 --- Reordering the state components to allow for representation as PIE ---

 --- Converting the PDE to an equivalent PIE --- 

The following fundamental state components have been introduced:
   x(t,s,s)   <--  (/s)ý(/s)ýx(t,s,s)

 --- Conversion to PIE was successful --- 
PG BxB 4 corner products|4|4328|5|0.1000|1.9739|1|8.573e-08|+0.9891|0|46.4

 --- Reordering the state components to allow for representation as PIE ---

 --- Converting the PDE to an equivalent PIE --- 

The following fundamental state components have been introduced:
   x(t,s,s)   <--  (/s)ý(/s)ýx(t,s,s)

 --- Conversion to PIE was successful --- 
PG BxB 4 corner products|4|4328|5|0.5000|9.8696|1|1.243e-08|+0.9858|0|46.9

 --- Reordering the state components to allow for representation as PIE ---

 --- Converting the PDE to an equivalent PIE --- 

The following fundamental state components have been introduced:
   x(t,s,s)   <--  (/s)ý(/s)ýx(t,s,s)

 --- Conversion to PIE was successful --- 
PG BxB 4 corner products|4|4328|5|0.9000|17.7653|1|4.530e-08|+0.9300|0|44.0

 --- Reordering the state components to allow for representation as PIE ---

 --- Converting the PDE to an equivalent PIE --- 

The following fundamental state components have been introduced:
   x(t,s,s)   <--  (/s)ý(/s)ýx(t,s,s)

 --- Conversion to PIE was successful --- 
PG BxB 4 corner products|4|4328|5|0.9900|19.5418|1|8.017e-08|+0.7128|0|41.2

 --- Reordering the state components to allow for representation as PIE ---

 --- Converting the PDE to an equivalent PIE --- 

The following fundamental state components have been introduced:
   x(t,s,s)   <--  (/s)ý(/s)ýx(t,s,s)

 --- Conversion to PIE was successful --- 
PG BxB 4 corner products|4|4328|5|0.9990|19.7195|1|1.292e-07|+5.0886|0|57.2

 --- Reordering the state components to allow for representation as PIE ---

 --- Converting the PDE to an equivalent PIE --- 

The following fundamental state components have been introduced:
   x(t,s,s)   <--  (/s)ý(/s)ýx(t,s,s)

 --- Conversion to PIE was successful --- 
PG BxB 4 corner products|4|4328|5|0.9999|19.7372|1|1.528e-07|+1.0089|0|42.4
PGREACH BxB 4 corner products|nterm=4|reach=0.9999|m=4328|nblk=5

 --- Reordering the state components to allow for representation as PIE ---

 --- Converting the PDE to an equivalent PIE --- 

The following fundamental state components have been introduced:
   x(t,s,s)   <--  (/s)ý(/s)ýx(t,s,s)

 --- Conversion to PIE was successful --- 
PG CxC 9 products|9|5992|10|0.1000|1.9739|1|1.038e-07|+0.9826|0|119.4

 --- Reordering the state components to allow for representation as PIE ---

 --- Converting the PDE to an equivalent PIE --- 

The following fundamental state components have been introduced:
   x(t,s,s)   <--  (/s)ý(/s)ýx(t,s,s)

 --- Conversion to PIE was successful --- 
PG CxC 9 products|9|5992|10|0.5000|9.8696|1|7.091e-08|+1.0356|0|120.7

 --- Reordering the state components to allow for representation as PIE ---

 --- Converting the PDE to an equivalent PIE --- 

The following fundamental state components have been introduced:
   x(t,s,s)   <--  (/s)ý(/s)ýx(t,s,s)

 --- Conversion to PIE was successful --- 
PG CxC 9 products|9|5992|10|0.9000|17.7653|1|5.800e-08|+0.9093|0|128.0

 --- Reordering the state components to allow for representation as PIE ---

 --- Converting the PDE to an equivalent PIE --- 

The following fundamental state components have been introduced:
   x(t,s,s)   <--  (/s)ý(/s)ýx(t,s,s)

 --- Conversion to PIE was successful --- 
PG CxC 9 products|9|5992|10|0.9900|19.5418|1|4.363e-08|+0.7832|0|161.5

 --- Reordering the state components to allow for representation as PIE ---

 --- Converting the PDE to an equivalent PIE --- 

The following fundamental state components have been introduced:
   x(t,s,s)   <--  (/s)ý(/s)ýx(t,s,s)

 --- Conversion to PIE was successful --- 
PG CxC 9 products|9|5992|10|0.9990|19.7195|1|1.571e-07|+0.9085|0|183.0

 --- Reordering the state components to allow for representation as PIE ---

 --- Converting the PDE to an equivalent PIE --- 

The following fundamental state components have been introduced:
   x(t,s,s)   <--  (/s)ý(/s)ýx(t,s,s)

 --- Conversion to PIE was successful --- 
PG CxC 9 products|9|5992|10|0.9999|19.7372|1|1.269e-07|+1.0265|0|176.7
PGREACH CxC 9 products|nterm=9|reach=0.9999|m=5992|nblk=10
PGDONE
