[Warning: Name is nonexistent or not a directory: C:\Users\mpeet\OneDrive\Documents\GitHub\PIETOOLS\PIETOOLS\ndopvar\Old_Codes] 

Error using tbxmanager>tbx_n2s (line 1124)
Malformed string, must be in "name:version:arch" format.

{Error using tbxmanager (line 150)
Cannot continue, see message above.

Error in startup (line 1)
tbxmanager restorepath
^^^^^^^^^^
} 

 --- Reordering the state components to allow for representation as PIE ---

 --- Converting the PDE to an equivalent PIE --- 

The following fundamental state components have been introduced:
   x(t,s)    <--  (/s)ýx(t,s)

 --- Conversion to PIE was successful --- 
 --- Declaring the distributed SOS Lyapunov functional ---
 --- Computing the derivative along the PIE ---
 --- Declaring the psatz term ---
 --- Enforcing the bound on the Lyapunov functional ---
  --  manually declaring a distributed SOS functional
  --  enforcing equality
 --- Enforcing negativity of the derivative ---
  --  manually declaring a distributed SOS functional
