[Warning: Name is nonexistent or not a directory: C:\Users\mpeet\OneDrive\Documents\GitHub\PIETOOLS\PIETOOLS\ndopvar\Old_Codes] 

Error using tbxmanager>tbx_n2s (line 1124)
Malformed string, must be in "name:version:arch" format.

{Error using tbxmanager (line 150)
Cannot continue, see message above.

Error in startup (line 1)
tbxmanager restorepath
^^^^^^^^^^
} 
SM2 header exec,variant,m,nvar,Kf,nblk,Nmax,Ns,eigcost,nnzAt,svec,normb,t

 --- Reordering the state components to allow for representation as PIE ---

 --- Converting the PDE to an equivalent PIE --- 

The following fundamental state components have been introduced:
   x(t,s,s)   <--  (/s)ý(/s)ýx(t,s,s)

 --- Conversion to PIE was successful --- 
SM2 PIETOOLS_stability_2D,default(Dup=3),3456,179840,0,2,424,[8  424],7.62255e+07,557492,90136,5.639e-06,3.0

 --- Reordering the state components to allow for representation as PIE ---

 --- Converting the PDE to an equivalent PIE --- 

The following fundamental state components have been introduced:
   x(t,s,s)   <--  (/s)ý(/s)ýx(t,s,s)

 --- Conversion to PIE was successful --- 
SM2 PIETOOLS_stability_2D,Dup=1,890,8528,0,2,92,[8  92],779200,29792,4314,5.639e-06,1.1

 --- Reordering the state components to allow for representation as PIE ---

 --- Converting the PDE to an equivalent PIE --- 

The following fundamental state components have been introduced:
   x(t,s,s)   <--  (/s)ý(/s)ýx(t,s,s)

 --- Conversion to PIE was successful --- 
SM2 PIETOOLS_stability_2D,Dup=2,1834,46720,0,2,216,[8  216],1.00782e+07,146982,23472,5.639e-06,1.2

 --- Reordering the state components to allow for representation as PIE ---

 --- Converting the PDE to an equivalent PIE --- 

The following fundamental state components have been introduced:
   x(t,s,s)   <--  (/s)ý(/s)ýx(t,s,s)

 --- Conversion to PIE was successful --- 
SM2 PIETOOLS_stability_2D,LFsep=0,4283,180617,0,2,424,[29  424],7.62494e+07,730539,90535,5.639e-06,3.2

 --- Reordering the state components to allow for representation as PIE ---

 --- Converting the PDE to an equivalent PIE --- 

The following fundamental state components have been introduced:
   x(t,s,s)   <--  (/s)ý(/s)ýx(t,s,s)

 --- Conversion to PIE was successful --- 
SM2 PIETOOLS_stability_2D,ismultiplier=1,3456,179840,0,2,424,[8  424],7.62255e+07,557492,90136,5.639e-06,1.9

 --- Reordering the state components to allow for representation as PIE ---

 --- Converting the PDE to an equivalent PIE --- 

The following fundamental state components have been introduced:
   x(t,s,s)   <--  (/s)ý(/s)ýx(t,s,s)

 --- Conversion to PIE was successful --- 
SM2 PIETOOLS_stability_2D,isscalar=1,3456,179840,0,2,424,[8  424],7.62255e+07,557492,90136,5.639e-06,1.8

 --- Reordering the state components to allow for representation as PIE ---

 --- Converting the PDE to an equivalent PIE --- 

The following fundamental state components have been introduced:
   x(t,s,s)   <--  (/s)ý(/s)ýx(t,s,s)

 --- Conversion to PIE was successful --- 
SM2 PIETOOLS_stability_2D,LFpsatz=1,7297,182241,0,3,424,[8   49  424],7.63432e+07,1679451,91361,5.639e-06,8.5

 --- Reordering the state components to allow for representation as PIE ---

 --- Converting the PDE to an equivalent PIE --- 

The following fundamental state components have been introduced:
   x(t,s,s)   <--  (/s)ý(/s)ýx(t,s,s)

 --- Conversion to PIE was successful --- 
SM2 PIETOOLS_stability_2D,eppos=1,3456,179840,0,2,424,[8  424],7.62255e+07,557492,90136,5.639e+00,1.8

 --- Reordering the state components to allow for representation as PIE ---

 --- Converting the PDE to an equivalent PIE --- 

The following fundamental state components have been introduced:
   x(t,s,s)   <--  (/s)ý(/s)ýx(t,s,s)

 --- Conversion to PIE was successful --- 
SM2 PIETOOLS_Hinf_gain_2D,default(Dup=3),3528,181541,1,2,426,[8  426],7.73093e+07,559594,90988,5.000e-01,4.4

 --- Reordering the state components to allow for representation as PIE ---

 --- Converting the PDE to an equivalent PIE --- 

The following fundamental state components have been introduced:
   x(t,s,s)   <--  (/s)ý(/s)ýx(t,s,s)

 --- Conversion to PIE was successful --- 
SM2 PIETOOLS_Hinf_gain_2D,Dup=1,932,8901,1,2,94,[8  94],831096,30400,4502,5.000e-01,2.4

 --- Reordering the state components to allow for representation as PIE ---

 --- Converting the PDE to an equivalent PIE --- 

The following fundamental state components have been introduced:
   x(t,s,s)   <--  (/s)ý(/s)ýx(t,s,s)

 --- Conversion to PIE was successful --- 
SM2 PIETOOLS_Hinf_gain_2D,Dup=2,1890,47589,1,2,218,[8  218],1.03607e+07,148148,23908,5.000e-01,2.6

 --- Reordering the state components to allow for representation as PIE ---

 --- Converting the PDE to an equivalent PIE --- 

The following fundamental state components have been introduced:
   x(t,s,s)   <--  (/s)ý(/s)ýx(t,s,s)

 --- Conversion to PIE was successful --- 
SM2 PIETOOLS_Hinf_gain_2D,LFsep=0,4392,182318,1,2,426,[29  426],7.73332e+07,737811,91387,5.000e-01,6.0

 --- Reordering the state components to allow for representation as PIE ---

 --- Converting the PDE to an equivalent PIE --- 

The following fundamental state components have been introduced:
   x(t,s,s)   <--  (/s)ý(/s)ýx(t,s,s)

 --- Conversion to PIE was successful --- 
SM2 PIETOOLS_Hinf_gain_2D,ismultiplier=1,3528,181541,1,2,426,[8  426],7.73093e+07,559594,90988,5.000e-01,3.5

 --- Reordering the state components to allow for representation as PIE ---

 --- Converting the PDE to an equivalent PIE --- 

The following fundamental state components have been introduced:
   x(t,s,s)   <--  (/s)ý(/s)ýx(t,s,s)

 --- Conversion to PIE was successful --- 
SM2 PIETOOLS_Hinf_gain_2D,isscalar=1,3528,181541,1,2,426,[8  426],7.73093e+07,559594,90988,5.000e-01,3.4

 --- Reordering the state components to allow for representation as PIE ---

 --- Converting the PDE to an equivalent PIE --- 

The following fundamental state components have been introduced:
   x(t,s,s)   <--  (/s)ý(/s)ýx(t,s,s)

 --- Conversion to PIE was successful --- 
SM2 PIETOOLS_Hinf_gain_2D,LFpsatz=1,7446,183942,1,3,426,[8   49  426],7.74269e+07,1707695,92213,5.000e-01,16.2

 --- Reordering the state components to allow for representation as PIE ---

 --- Converting the PDE to an equivalent PIE --- 

The following fundamental state components have been introduced:
   x(t,s,s)   <--  (/s)ý(/s)ýx(t,s,s)

 --- Conversion to PIE was successful --- 
SM2 PIETOOLS_Hinf_gain_2D,eppos=1,3528,181541,1,2,426,[8  426],7.73093e+07,559594,90988,5.664e+00,3.8
SM2DONE
