[Warning: Name is nonexistent or not a directory: C:\Users\mpeet\OneDrive\Documents\GitHub\PIETOOLS\PIETOOLS\ndopvar\Old_Codes] 

Error using tbxmanager>tbx_n2s (line 1124)
Malformed string, must be in "name:version:arch" format.

{Error using tbxmanager (line 150)
Cannot continue, see message above.

Error in startup (line 1)
tbxmanager restorepath
^^^^^^^^^^
} 
SM header exec,variant,m,nvar,Kf,nblk,Nmax,Ns,eigcost,nnzAt,svec,normb_raw

 --- Reordering the state components to allow for representation as PIE ---

 --- Converting the PDE to an equivalent PIE --- 

The following fundamental state components have been introduced:
   x(t,s)    <--  (/s)ýx(t,s)

 --- Conversion to PIE was successful --- 
SM PIETOOLS_PIE2PDEstability,preset:stripped,91,127,27,2,8,[6  8],728,451,84,9.4281e-07

 --- Reordering the state components to allow for representation as PIE ---

 --- Converting the PDE to an equivalent PIE --- 

The following fundamental state components have been introduced:
   x(t,s)    <--  (/s)ýx(t,s)

 --- Conversion to PIE was successful --- 
SM PIETOOLS_PIE2PDEstability,preset:light,130,404,43,3,15,[10  15   6],4591,982,239,9.4281e-07

 --- Reordering the state components to allow for representation as PIE ---

 --- Converting the PDE to an equivalent PIE --- 

The following fundamental state components have been introduced:
   x(t,s)    <--  (/s)ýx(t,s)

 --- Conversion to PIE was successful --- 
SM PIETOOLS_PIE2PDEstability,preset:heavy,135,687,45,3,20,[11  20  11],10662,1315,387,9.4281e-07

 --- Reordering the state components to allow for representation as PIE ---

 --- Converting the PDE to an equivalent PIE --- 

The following fundamental state components have been introduced:
   x(t,s)    <--  (/s)ýx(t,s)

 --- Conversion to PIE was successful --- 
SM PIETOOLS_PIE2PDEstability,preset:veryheavy,507,9268,227,3,71,[36  71  52],545175,16482,4827,9.4281e-07

 --- Reordering the state components to allow for representation as PIE ---

 --- Converting the PDE to an equivalent PIE --- 

The following fundamental state components have been introduced:
   x(t,s)    <--  (/s)ýx(t,s)

 --- Conversion to PIE was successful --- 
SM PIETOOLS_PIE2PDEstability,preset:extreme,86,47,27,2,4,[2  4],72,344,40,9.4281e-07

 --- Reordering the state components to allow for representation as PIE ---

 --- Converting the PDE to an equivalent PIE --- 

The following fundamental state components have been introduced:
   x(t,s)    <--  (/s)ýx(t,s)

 --- Conversion to PIE was successful --- 
SM PIETOOLS_PIE2PDEstability,Dup=2,140,1044,43,3,26,[10  26  15],21951,1777,569,9.4281e-07

 --- Reordering the state components to allow for representation as PIE ---

 --- Converting the PDE to an equivalent PIE --- 

The following fundamental state components have been introduced:
   x(t,s)    <--  (/s)ýx(t,s)

 --- Conversion to PIE was successful --- 
SM PIETOOLS_PIE2PDEstability,Dup=3,156,2340,43,3,39,[10  39  26],77895,3510,1229,9.4281e-07

 --- Reordering the state components to allow for representation as PIE ---

 --- Converting the PDE to an equivalent PIE --- 

The following fundamental state components have been introduced:
   x(t,s)    <--  (/s)ýx(t,s)

 --- Conversion to PIE was successful --- 
SM PIETOOLS_PIE2PDEstability,sep=1,92,160,27,3,9,[6  9  4],1009,476,103,9.4281e-07

 --- Reordering the state components to allow for representation as PIE ---

 --- Converting the PDE to an equivalent PIE --- 

The following fundamental state components have been introduced:
   x(t,s)    <--  (/s)ýx(t,s)

 --- Conversion to PIE was successful --- 
SM PIETOOLS_PIE2PDEstability,excl1=[0 0 1 1],91,292,27,3,15,[2  15   6],3599,598,171,9.4281e-07

 --- Reordering the state components to allow for representation as PIE ---

 --- Converting the PDE to an equivalent PIE --- 

The following fundamental state components have been introduced:
   x(t,s)    <--  (/s)ýx(t,s)

 --- Conversion to PIE was successful --- 
SM PIETOOLS_PIE2PDEstability,excl1=[1 1 0 0],127,366,41,3,15,[8  15   6],4103,929,218,9.4281e-07

 --- Reordering the state components to allow for representation as PIE ---

 --- Converting the PDE to an equivalent PIE --- 

The following fundamental state components have been introduced:
   x(t,s)    <--  (/s)ýx(t,s)

 --- Conversion to PIE was successful --- 
SM PIETOOLS_PIE2PDEstability,psatzLF(ovr1=0),130,413,43,4,15,[10   3  15   6],4618,1010,245,9.4281e-07

 --- Reordering the state components to allow for representation as PIE ---

 --- Converting the PDE to an equivalent PIE --- 

The following fundamental state components have been introduced:
   x(t,s)    <--  (/s)ýx(t,s)

 --- Conversion to PIE was successful --- 
SM PIETOOLS_PIE2PDEstability,noPsatzD(ovr2=1),130,368,43,2,15,[10  15],4375,924,218,9.4281e-07

 --- Reordering the state components to allow for representation as PIE ---

 --- Converting the PDE to an equivalent PIE --- 

The following fundamental state components have been introduced:
   x(t,s)    <--  (/s)ýx(t,s)

 --- Conversion to PIE was successful --- 
SM PIETOOLS_PIE2PDEstability,sosineq_on=1,159,1907,43,2,42,[10  42],75088,2811,1001,9.4281e-07

 --- Reordering the state components to allow for representation as PIE ---

 --- Converting the PDE to an equivalent PIE --- 

The following fundamental state components have been introduced:
   x(t,s)    <--  (/s)ýx(t,s)

 --- Conversion to PIE was successful --- 
SM PIETOOLS_Hinf_gain_coercive,preset:stripped,50,137,1,2,10,[6  10],1216,440,77,7.0711e-01

 --- Reordering the state components to allow for representation as PIE ---

 --- Converting the PDE to an equivalent PIE --- 

The following fundamental state components have been introduced:
   x(t,s)    <--  (/s)ýx(t,s)

 --- Conversion to PIE was successful --- 
SM PIETOOLS_Hinf_gain_coercive,preset:light,74,454,1,3,17,[10  17   8],6425,1313,245,7.0711e-01

 --- Reordering the state components to allow for representation as PIE ---

 --- Converting the PDE to an equivalent PIE --- 

The following fundamental state components have been introduced:
   x(t,s)    <--  (/s)ýx(t,s)

 --- Conversion to PIE was successful --- 
SM PIETOOLS_Hinf_gain_coercive,preset:heavy,77,775,1,3,22,[11  22  13],14176,1816,411,7.0711e-01

 --- Reordering the state components to allow for representation as PIE ---

 --- Converting the PDE to an equivalent PIE --- 

The following fundamental state components have been introduced:
   x(t,s)    <--  (/s)ýx(t,s)

 --- Conversion to PIE was successful --- 
SM PIETOOLS_Hinf_gain_coercive,preset:veryheavy,190,9542,1,3,73,[36  73  54],593137,26407,4853,7.0711e-01

 --- Reordering the state components to allow for representation as PIE ---

 --- Converting the PDE to an equivalent PIE --- 

The following fundamental state components have been introduced:
   x(t,s)    <--  (/s)ýx(t,s)

 --- Conversion to PIE was successful --- 
SM PIETOOLS_Hinf_gain_coercive,preset:extreme,32,41,1,2,6,[2  6],224,65,25,7.0711e-01

 --- Reordering the state components to allow for representation as PIE ---

 --- Converting the PDE to an equivalent PIE --- 

The following fundamental state components have been introduced:
   x(t,s)    <--  (/s)ýx(t,s)

 --- Conversion to PIE was successful --- 
SM PIETOOLS_Hinf_gain_coercive,Dup=2,81,1174,1,3,28,[10  28  17],27865,2184,615,7.0711e-01

 --- Reordering the state components to allow for representation as PIE ---

 --- Converting the PDE to an equivalent PIE --- 

The following fundamental state components have been introduced:
   x(t,s)    <--  (/s)ýx(t,s)

 --- Conversion to PIE was successful --- 
SM PIETOOLS_Hinf_gain_coercive,Dup=3,101,2566,1,3,41,[10  41  28],91873,4009,1323,7.0711e-01

 --- Reordering the state components to allow for representation as PIE ---

 --- Converting the PDE to an equivalent PIE --- 

The following fundamental state components have been introduced:
   x(t,s)    <--  (/s)ýx(t,s)

 --- Conversion to PIE was successful --- 
SM PIETOOLS_Hinf_gain_coercive,sep=1,47,194,1,3,11,[6  11   6],1763,362,109,7.0711e-01

 --- Reordering the state components to allow for representation as PIE ---

 --- Converting the PDE to an equivalent PIE --- 

The following fundamental state components have been introduced:
   x(t,s)    <--  (/s)ýx(t,s)

 --- Conversion to PIE was successful --- 
SM PIETOOLS_Hinf_gain_coercive,excl1=[0 0 1 1],48,358,1,3,17,[2  17   8],5433,381,193,7.0711e-01

 --- Reordering the state components to allow for representation as PIE ---

 --- Converting the PDE to an equivalent PIE --- 

The following fundamental state components have been introduced:
   x(t,s)    <--  (/s)ýx(t,s)

 --- Conversion to PIE was successful --- 
SM PIETOOLS_Hinf_gain_coercive,excl1=[1 1 0 0],74,418,1,3,17,[8  17   8],5937,1082,226,7.0711e-01

 --- Reordering the state components to allow for representation as PIE ---

 --- Converting the PDE to an equivalent PIE --- 

The following fundamental state components have been introduced:
   x(t,s)    <--  (/s)ýx(t,s)

 --- Conversion to PIE was successful --- 
SM PIETOOLS_Hinf_gain_coercive,psatzLF(ovr1=0),74,463,1,4,17,[10   3  17   8],6452,1467,251,7.0711e-01

 --- Reordering the state components to allow for representation as PIE ---

 --- Converting the PDE to an equivalent PIE --- 

The following fundamental state components have been introduced:
   x(t,s)    <--  (/s)ýx(t,s)

 --- Conversion to PIE was successful --- 
SM PIETOOLS_Hinf_gain_coercive,noPsatzD(ovr2=1),74,390,1,2,17,[10  17],5913,1223,209,7.0711e-01

 --- Reordering the state components to allow for representation as PIE ---

 --- Converting the PDE to an equivalent PIE --- 

The following fundamental state components have been introduced:
   x(t,s)    <--  (/s)ýx(t,s)

 --- Conversion to PIE was successful --- 
SM PIETOOLS_Hinf_gain_coercive,sosineq_on=1,163,4725,1,2,68,[10  68],315432,6383,2402,7.0711e-01

 --- Reordering the state components to allow for representation as PIE ---

 --- Converting the PDE to an equivalent PIE --- 

The following fundamental state components have been introduced:
   x(t,s)    <--  (/s)ýx(t,s)

 --- Conversion to PIE was successful --- 
SM PIETOOLS_Hinf_gain,preset:stripped,108,164,28,2,10,[6  10],1216,521,104,7.0711e-01

 --- Reordering the state components to allow for representation as PIE ---

 --- Converting the PDE to an equivalent PIE --- 

The following fundamental state components have been introduced:
   x(t,s)    <--  (/s)ýx(t,s)

 --- Conversion to PIE was successful --- 
SM PIETOOLS_Hinf_gain,preset:light,150,497,44,3,17,[10  17   8],6425,1126,288,7.0711e-01

 --- Reordering the state components to allow for representation as PIE ---

 --- Converting the PDE to an equivalent PIE --- 

The following fundamental state components have been introduced:
   x(t,s)    <--  (/s)ýx(t,s)

 --- Conversion to PIE was successful --- 
SM PIETOOLS_Hinf_gain,preset:heavy,156,820,46,3,22,[11  22  13],14176,1499,456,7.0711e-01

 --- Reordering the state components to allow for representation as PIE ---

 --- Converting the PDE to an equivalent PIE --- 

The following fundamental state components have been introduced:
   x(t,s)    <--  (/s)ýx(t,s)

 --- Conversion to PIE was successful --- 
SM PIETOOLS_Hinf_gain,preset:veryheavy,545,9769,228,3,73,[36  73  54],593137,17294,5080,7.0711e-01

 --- Reordering the state components to allow for representation as PIE ---

 --- Converting the PDE to an equivalent PIE --- 

The following fundamental state components have been introduced:
   x(t,s)    <--  (/s)ýx(t,s)

 --- Conversion to PIE was successful --- 
SM PIETOOLS_Hinf_gain,preset:extreme,FAILED,Vectors must be the same length.

 --- Reordering the state components to allow for representation as PIE ---

 --- Converting the PDE to an equivalent PIE --- 

The following fundamental state components have been introduced:
   x(t,s)    <--  (/s)ýx(t,s)

 --- Conversion to PIE was successful --- 
SM PIETOOLS_Hinf_gain,Dup=2,162,1217,44,3,28,[10  28  17],27865,1997,658,7.0711e-01

 --- Reordering the state components to allow for representation as PIE ---

 --- Converting the PDE to an equivalent PIE --- 

The following fundamental state components have been introduced:
   x(t,s)    <--  (/s)ýx(t,s)

 --- Conversion to PIE was successful --- 
SM PIETOOLS_Hinf_gain,Dup=3,179,2609,44,3,41,[10  41  28],91873,3822,1366,7.0711e-01

 --- Reordering the state components to allow for representation as PIE ---

 --- Converting the PDE to an equivalent PIE --- 

The following fundamental state components have been introduced:
   x(t,s)    <--  (/s)ýx(t,s)

 --- Conversion to PIE was successful --- 
SM PIETOOLS_Hinf_gain,sep=1,77,209,16,3,11,[6  11   6],1763,386,124,7.0711e-01

 --- Reordering the state components to allow for representation as PIE ---

 --- Converting the PDE to an equivalent PIE --- 

The following fundamental state components have been introduced:
   x(t,s)    <--  (/s)ýx(t,s)

 --- Conversion to PIE was successful --- 
SM PIETOOLS_Hinf_gain,excl1=[0 0 1 1],FAILED,Vectors must be the same length.

 --- Reordering the state components to allow for representation as PIE ---

 --- Converting the PDE to an equivalent PIE --- 

The following fundamental state components have been introduced:
   x(t,s)    <--  (/s)ýx(t,s)

 --- Conversion to PIE was successful --- 
SM PIETOOLS_Hinf_gain,excl1=[1 1 0 0],147,459,42,3,17,[8  17   8],5937,1071,267,7.0711e-01

 --- Reordering the state components to allow for representation as PIE ---

 --- Converting the PDE to an equivalent PIE --- 

The following fundamental state components have been introduced:
   x(t,s)    <--  (/s)ýx(t,s)

 --- Conversion to PIE was successful --- 
SM PIETOOLS_Hinf_gain,psatzLF(ovr1=0),150,506,44,4,17,[10   3  17   8],6452,1154,294,7.0711e-01

 --- Reordering the state components to allow for representation as PIE ---

 --- Converting the PDE to an equivalent PIE --- 

The following fundamental state components have been introduced:
   x(t,s)    <--  (/s)ýx(t,s)

 --- Conversion to PIE was successful --- 
SM PIETOOLS_Hinf_gain,noPsatzD(ovr2=1),150,433,44,2,17,[10  17],5913,1036,252,7.0711e-01

 --- Reordering the state components to allow for representation as PIE ---

 --- Converting the PDE to an equivalent PIE --- 

The following fundamental state components have been introduced:
   x(t,s)    <--  (/s)ýx(t,s)

 --- Conversion to PIE was successful --- 
SM PIETOOLS_Hinf_gain,sosineq_on=1,236,3744,44,2,60,[10  60],217000,4992,1929,7.0711e-01
SMDONE
