[Warning: Name is nonexistent or not a directory: C:\Users\mpeet\OneDrive\Documents\GitHub\PIETOOLS\PIETOOLS\ndopvar\Old_Codes] 

Error using tbxmanager>tbx_n2s (line 1124)
Malformed string, must be in "name:version:arch" format.

{Error using tbxmanager (line 150)
Cannot continue, see message above.

Error in startup (line 1)
tbxmanager restorepath
^^^^^^^^^^
} 

 --- Reordering the state components to allow for representation as PIE ---

 --- Converting the PDE to an equivalent PIE --- 

The following fundamental state components have been introduced:
   x(t,s)    <--  (/s)ýx(t,s)

 --- Conversion to PIE was successful --- 
T7 stock-build FAIL Unrecognized function or variable 'PIE'.
T7 mirror-build OK
T7 mirror-build OK
T7 stock-solve FAIL Unrecognized function or variable 'PIE'.
T7 mirror-solve OK
T7 getsol(Pop) FAIL No solution seems to have been produced: either "sossolve" has not been called, or the program was found to be infeasible.
T7 getsol(Dop) FAIL No solution seems to have been produced: either "sossolve" has not been called, or the program was found to be infeasible.
T7 getsol(Deop) FAIL No solution seems to have been produced: either "sossolve" has not been called, or the program was found to be infeasible.
T7DONE
